{"message":"Deploying model server for model with the following configuration: {'type': 'zenml.integrations.mlflow.services.mlflow_deployment.MLFlowDeploymentConfig', 'name': '', 'description': '', 'pipeline_name': 'continuous_deploymnet_pipeline', 'pipeline_step_name': 'mlflow_model_deployer_step', 'model_name': 'model', 'model_version': '', 'service_name': 'zenml-model', 'silent_daemon': False, 'root_runtime_path': None, 'singleton': False, 'blocking': False, 'model_uri': 'file:C:\\\\Users\\\\Santosh\\\\Desktop\\\\ML-Project-Deployment\\\\MLOPS\\\\House-Price-prediction-End-to-End-Project\\\\artifacts\\\\mlruns/645014528431196974/c054494b81f0417a813af4051e5ccd73/artifacts/model', 'registry_model_name': None, 'registry_model_version': None, 'registry_model_stage': None, 'workers': 3, 'mlserver': False, 'timeout': 60}","name":"unknown","level":20,"timestamp":"2026-02-21T11:38:15.703449Z","chunk_index":0,"total_chunks":1,"id":"72aa6390-1685-4c52-8d2e-2f659735e42e"}
{"message":"","name":"unknown","level":20,"timestamp":"2026-02-21T11:38:15.703449Z","chunk_index":0,"total_chunks":1,"id":"7a599629-fee1-4b24-b436-c0c11bac4698"}
{"message":"Daemon functionality is currently not supported on Windows.","name":"unknown","level":30,"timestamp":"2026-02-21T11:38:20.708338Z","chunk_index":0,"total_chunks":1,"id":"4bd5b95b-f2be-4b32-b903-0b7c2e17d3b5"}
{"message":"Daemon process for service 'MLFlowDeploymentService[a561751f-0f44-4cc7-a3f2-fa355fabf66c] (type: model-serving, flavor: mlflow)' failed to start.","name":"unknown","level":40,"timestamp":"2026-02-21T11:38:20.708338Z","chunk_index":0,"total_chunks":1,"id":"c6a0af82-8df6-466d-8660-e64bf8b2bc75"}
{"message":"Daemon functionality is currently not supported on Windows.","name":"unknown","level":30,"timestamp":"2026-02-21T11:38:20.708338Z","chunk_index":0,"total_chunks":1,"id":"859aa0a3-3864-4928-8bee-94a113ea77f0"}
{"message":"Daemon functionality is currently not supported on Windows.","name":"unknown","level":30,"timestamp":"2026-02-21T11:38:20.708338Z","chunk_index":0,"total_chunks":1,"id":"1d92ade4-f1a2-4b2a-9aa1-eb462c70cd0c"}
{"message":"Daemon functionality is currently not supported on Windows.","name":"unknown","level":30,"timestamp":"2026-02-21T11:38:20.708338Z","chunk_index":0,"total_chunks":1,"id":"670de4f8-1561-40ee-9dd3-9c8e84ce32f1"}
{"message":"Daemon functionality is currently not supported on Windows.","name":"unknown","level":30,"timestamp":"2026-02-21T11:38:20.708338Z","chunk_index":0,"total_chunks":1,"id":"e00c9bef-5c50-4182-897f-cfb4b14e679d"}
{"message":"Daemon functionality is currently not supported on Windows.","name":"unknown","level":30,"timestamp":"2026-02-21T11:38:20.708338Z","chunk_index":0,"total_chunks":1,"id":"08f9b235-8b13-4e79-b6c3-7048ea9684aa"}
{"message":"Daemon functionality is currently not supported on Windows.","name":"unknown","level":30,"timestamp":"2026-02-21T11:38:20.708338Z","chunk_index":0,"total_chunks":1,"id":"d98fdf27-e8de-4c4f-a6e9-339884bf6099"}
{"message":"Daemon functionality is currently not supported on Windows.","name":"unknown","level":30,"timestamp":"2026-02-21T11:38:20.708338Z","chunk_index":0,"total_chunks":1,"id":"5c566100-66f4-4c47-b1a6-0f7d6739b1ed"}
{"message":"Daemon functionality is currently not supported on Windows.","name":"unknown","level":30,"timestamp":"2026-02-21T11:38:20.708338Z","chunk_index":0,"total_chunks":1,"id":"bcd7a8fc-1b79-4f98-a602-3e52b37d8d47"}
{"message":"Daemon functionality is currently not supported on Windows.","name":"unknown","level":30,"timestamp":"2026-02-21T11:38:25.718370Z","chunk_index":0,"total_chunks":1,"id":"98e88b90-1594-48f7-8467-849f0b44e0b0"}
{"message":"Daemon functionality is currently not supported on Windows.","name":"unknown","level":30,"timestamp":"2026-02-21T11:38:25.718370Z","chunk_index":0,"total_chunks":1,"id":"a5c47892-e6a5-4404-b369-816b8dc07a18"}
{"message":"Daemon functionality is currently not supported on Windows.","name":"unknown","level":30,"timestamp":"2026-02-21T11:38:25.718370Z","chunk_index":0,"total_chunks":1,"id":"497c7887-d003-47db-b20a-47afbb33d957"}
{"message":"Daemon functionality is currently not supported on Windows.","name":"unknown","level":30,"timestamp":"2026-02-21T11:38:25.718370Z","chunk_index":0,"total_chunks":1,"id":"592418e0-45c0-45a9-9dae-447906e73255"}
{"message":"Daemon functionality is currently not supported on Windows.","name":"unknown","level":30,"timestamp":"2026-02-21T11:38:25.718370Z","chunk_index":0,"total_chunks":1,"id":"8ebd2d0a-424d-4725-ad63-24b654620526"}
{"message":"Daemon functionality is currently not supported on Windows.","name":"unknown","level":30,"timestamp":"2026-02-21T11:38:25.718370Z","chunk_index":0,"total_chunks":1,"id":"27fc9b1d-ee4a-4dac-9e10-f689ffebd682"}
{"message":"Daemon functionality is currently not supported on Windows.","name":"unknown","level":30,"timestamp":"2026-02-21T11:38:25.718370Z","chunk_index":0,"total_chunks":1,"id":"057d37bf-8c07-4da6-a09f-43468d43145f"}
{"message":"Daemon functionality is currently not supported on Windows.","name":"unknown","level":30,"timestamp":"2026-02-21T11:38:25.718370Z","chunk_index":0,"total_chunks":1,"id":"c65751fc-dce4-467a-aa17-5945ffe08725"}
{"message":"Daemon functionality is currently not supported on Windows.","name":"unknown","level":30,"timestamp":"2026-02-21T11:38:25.718370Z","chunk_index":0,"total_chunks":1,"id":"e58fce0a-3b99-4dd5-a210-ed101649ec8e"}
{"message":"Daemon functionality is currently not supported on Windows.","name":"unknown","level":30,"timestamp":"2026-02-21T11:38:25.718370Z","chunk_index":0,"total_chunks":1,"id":"cc01d92b-18ae-4700-9c96-b6d149e1ff70"}
{"message":"Daemon functionality is currently not supported on Windows.","name":"unknown","level":30,"timestamp":"2026-02-21T11:38:30.732663Z","chunk_index":0,"total_chunks":1,"id":"8c44b3f8-e51f-4532-bf50-97040c578fbe"}
{"message":"Daemon functionality is currently not supported on Windows.","name":"unknown","level":30,"timestamp":"2026-02-21T11:38:30.732663Z","chunk_index":0,"total_chunks":1,"id":"ed01e0d9-e9b0-4c93-9266-0de2fa8febdb"}
{"message":"Daemon functionality is currently not supported on Windows.","name":"unknown","level":30,"timestamp":"2026-02-21T11:38:30.732663Z","chunk_index":0,"total_chunks":1,"id":"5715be8b-85d4-4e59-b88b-d758636620c5"}
{"message":"Daemon functionality is currently not supported on Windows.","name":"unknown","level":30,"timestamp":"2026-02-21T11:38:30.732663Z","chunk_index":0,"total_chunks":1,"id":"d8f38ec8-db73-4454-9dd5-8a81b789adf5"}
{"message":"Daemon functionality is currently not supported on Windows.","name":"unknown","level":30,"timestamp":"2026-02-21T11:38:30.732663Z","chunk_index":0,"total_chunks":1,"id":"7678dc94-9af1-4ea9-bc17-4d494d75df44"}
{"message":"Daemon functionality is currently not supported on Windows.","name":"unknown","level":30,"timestamp":"2026-02-21T11:38:30.732663Z","chunk_index":0,"total_chunks":1,"id":"ee29dc93-bcd7-42a2-8604-51f80b526c13"}
{"message":"Daemon functionality is currently not supported on Windows.","name":"unknown","level":30,"timestamp":"2026-02-21T11:38:30.732663Z","chunk_index":0,"total_chunks":1,"id":"1071b64f-bccf-4321-997a-cc05d6785dbb"}
{"message":"Daemon functionality is currently not supported on Windows.","name":"unknown","level":30,"timestamp":"2026-02-21T11:38:30.734030Z","chunk_index":0,"total_chunks":1,"id":"f83014b9-1ae8-4f3b-800d-9a5d064ca779"}
{"message":"Daemon functionality is currently not supported on Windows.","name":"unknown","level":30,"timestamp":"2026-02-21T11:38:30.734030Z","chunk_index":0,"total_chunks":1,"id":"b838a1bc-ea44-4e45-a1a3-8804bac97a99"}
{"message":"Daemon functionality is currently not supported on Windows.","name":"unknown","level":30,"timestamp":"2026-02-21T11:38:30.734030Z","chunk_index":0,"total_chunks":1,"id":"2eea8b7d-f47f-4195-beef-5693cd23b5d5"}
{"message":"Daemon functionality is currently not supported on Windows.","name":"unknown","level":30,"timestamp":"2026-02-21T11:38:35.748099Z","chunk_index":0,"total_chunks":1,"id":"62b9d7ec-7f16-4ea5-82f8-3092ef7375f6"}
{"message":"Daemon functionality is currently not supported on Windows.","name":"unknown","level":30,"timestamp":"2026-02-21T11:38:35.748099Z","chunk_index":0,"total_chunks":1,"id":"59d6c47f-3db4-4887-a69d-91170d4ad718"}
{"message":"Daemon functionality is currently not supported on Windows.","name":"unknown","level":30,"timestamp":"2026-02-21T11:38:35.748099Z","chunk_index":0,"total_chunks":1,"id":"028d0adf-e2cb-4083-92e1-6dffe9bcbd6f"}
{"message":"Daemon functionality is currently not supported on Windows.","name":"unknown","level":30,"timestamp":"2026-02-21T11:38:35.748099Z","chunk_index":0,"total_chunks":1,"id":"db839b3c-fcf8-469c-8e4f-18d6c2dfdbf5"}
{"message":"Daemon functionality is currently not supported on Windows.","name":"unknown","level":30,"timestamp":"2026-02-21T11:38:35.748099Z","chunk_index":0,"total_chunks":1,"id":"688ab570-37bb-47f6-88db-d994b909a32c"}
{"message":"Daemon functionality is currently not supported on Windows.","name":"unknown","level":30,"timestamp":"2026-02-21T11:38:35.748099Z","chunk_index":0,"total_chunks":1,"id":"59b1266a-1319-49ec-98bf-96d29d234b1e"}
{"message":"Daemon functionality is currently not supported on Windows.","name":"unknown","level":30,"timestamp":"2026-02-21T11:38:35.748099Z","chunk_index":0,"total_chunks":1,"id":"94a5314f-2455-4b1e-a692-17decf2144ba"}
{"message":"Daemon functionality is currently not supported on Windows.","name":"unknown","level":30,"timestamp":"2026-02-21T11:38:35.748099Z","chunk_index":0,"total_chunks":1,"id":"37c1703f-1065-49fb-9cfd-a7ceee65b2a4"}
{"message":"Daemon functionality is currently not supported on Windows.","name":"unknown","level":30,"timestamp":"2026-02-21T11:38:35.748099Z","chunk_index":0,"total_chunks":1,"id":"15b4cad8-14a8-4a26-a6f1-f2de1fa7aedb"}
{"message":"Daemon functionality is currently not supported on Windows.","name":"unknown","level":30,"timestamp":"2026-02-21T11:38:35.748099Z","chunk_index":0,"total_chunks":1,"id":"2fa16d3d-6a85-4c96-922b-26edfa25703e"}
{"message":"Daemon functionality is currently not supported on Windows.","name":"unknown","level":30,"timestamp":"2026-02-21T11:38:40.753681Z","chunk_index":0,"total_chunks":1,"id":"25c045ec-8d14-449c-b8f6-90fde2c6a886"}
{"message":"Daemon functionality is currently not supported on Windows.","name":"unknown","level":30,"timestamp":"2026-02-21T11:38:40.753681Z","chunk_index":0,"total_chunks":1,"id":"7d926331-f329-4f77-a699-373448160f7d"}
{"message":"Daemon functionality is currently not supported on Windows.","name":"unknown","level":30,"timestamp":"2026-02-21T11:38:40.753681Z","chunk_index":0,"total_chunks":1,"id":"0ca37f93-00f9-4245-a30e-7db097ca9e5a"}
{"message":"Daemon functionality is currently not supported on Windows.","name":"unknown","level":30,"timestamp":"2026-02-21T11:38:40.753681Z","chunk_index":0,"total_chunks":1,"id":"ce87eedc-bcf9-4949-a8e8-9022afceb9e3"}
{"message":"Daemon functionality is currently not supported on Windows.","name":"unknown","level":30,"timestamp":"2026-02-21T11:38:40.753681Z","chunk_index":0,"total_chunks":1,"id":"1244f253-cc32-4f1e-bfd6-c7ac480595fd"}
{"message":"Daemon functionality is currently not supported on Windows.","name":"unknown","level":30,"timestamp":"2026-02-21T11:38:40.753681Z","chunk_index":0,"total_chunks":1,"id":"d2468906-7684-4e45-bfe7-71e377766887"}
{"message":"Daemon functionality is currently not supported on Windows.","name":"unknown","level":30,"timestamp":"2026-02-21T11:38:40.753681Z","chunk_index":0,"total_chunks":1,"id":"ae0d69a7-52ec-4f3d-bf29-6d9cdfa691cf"}
{"message":"Daemon functionality is currently not supported on Windows.","name":"unknown","level":30,"timestamp":"2026-02-21T11:38:40.753681Z","chunk_index":0,"total_chunks":1,"id":"28a4f06a-a4db-489e-bfbc-955b1b4bc62d"}
{"message":"Daemon functionality is currently not supported on Windows.","name":"unknown","level":30,"timestamp":"2026-02-21T11:38:40.753681Z","chunk_index":0,"total_chunks":1,"id":"cc7c5a6a-c39f-47b2-ac56-51df9a876220"}
{"message":"Daemon functionality is currently not supported on Windows.","name":"unknown","level":30,"timestamp":"2026-02-21T11:38:40.753681Z","chunk_index":0,"total_chunks":1,"id":"dfc0d5e9-3118-4d7a-8af8-53ded31c7733"}
{"message":"Daemon functionality is currently not supported on Windows.","name":"unknown","level":30,"timestamp":"2026-02-21T11:38:45.773471Z","chunk_index":0,"total_chunks":1,"id":"ffbfb8f8-2da8-4c53-888c-0c122740174e"}
{"message":"Daemon functionality is currently not supported on Windows.","name":"unknown","level":30,"timestamp":"2026-02-21T11:38:45.774803Z","chunk_index":0,"total_chunks":1,"id":"83b7d549-961a-486a-be9e-7968743b7bc0"}
{"message":"Daemon functionality is currently not supported on Windows.","name":"unknown","level":30,"timestamp":"2026-02-21T11:38:45.774803Z","chunk_index":0,"total_chunks":1,"id":"8557eed5-514f-4097-8b0b-d94072288e8b"}
{"message":"Daemon functionality is currently not supported on Windows.","name":"unknown","level":30,"timestamp":"2026-02-21T11:38:45.774803Z","chunk_index":0,"total_chunks":1,"id":"30271e8f-ed1b-4d20-80d2-c15160c5a54c"}
{"message":"Daemon functionality is currently not supported on Windows.","name":"unknown","level":30,"timestamp":"2026-02-21T11:38:45.774803Z","chunk_index":0,"total_chunks":1,"id":"de8d1b8a-d26c-40cf-946f-e93e28978c7a"}
{"message":"Daemon functionality is currently not supported on Windows.","name":"unknown","level":30,"timestamp":"2026-02-21T11:38:45.774803Z","chunk_index":0,"total_chunks":1,"id":"c3b511dc-c886-43e8-8875-970ef643c48f"}
{"message":"Daemon functionality is currently not supported on Windows.","name":"unknown","level":30,"timestamp":"2026-02-21T11:38:45.774803Z","chunk_index":0,"total_chunks":1,"id":"ce87bf60-0013-4e1a-ac8e-864db7e9fd94"}
{"message":"Daemon functionality is currently not supported on Windows.","name":"unknown","level":30,"timestamp":"2026-02-21T11:38:45.774803Z","chunk_index":0,"total_chunks":1,"id":"20536969-6b08-4c36-9356-14fcdb8a9ed4"}
{"message":"Daemon functionality is currently not supported on Windows.","name":"unknown","level":30,"timestamp":"2026-02-21T11:38:45.774803Z","chunk_index":0,"total_chunks":1,"id":"f5b3b4e7-2c63-462b-958e-8aa0cd9bd551"}
{"message":"Daemon functionality is currently not supported on Windows.","name":"unknown","level":30,"timestamp":"2026-02-21T11:38:45.774803Z","chunk_index":0,"total_chunks":1,"id":"b6d95097-7128-4a14-9d61-7f8cf4704e5c"}
{"message":"Daemon functionality is currently not supported on Windows.","name":"unknown","level":30,"timestamp":"2026-02-21T11:38:50.792957Z","chunk_index":0,"total_chunks":1,"id":"a0c74038-7ed5-4124-9c0a-5c7bdeb426f6"}
{"message":"Daemon functionality is currently not supported on Windows.","name":"unknown","level":30,"timestamp":"2026-02-21T11:38:50.792957Z","chunk_index":0,"total_chunks":1,"id":"e3064ecb-16b6-460d-8efc-8c2f2582880a"}
{"message":"Daemon functionality is currently not supported on Windows.","name":"unknown","level":30,"timestamp":"2026-02-21T11:38:50.792957Z","chunk_index":0,"total_chunks":1,"id":"bc598dd1-4990-4eec-a736-8b444fbee75c"}
{"message":"Daemon functionality is currently not supported on Windows.","name":"unknown","level":30,"timestamp":"2026-02-21T11:38:50.792957Z","chunk_index":0,"total_chunks":1,"id":"54148395-4129-4cd1-b2c9-f7e7405a2fe9"}
{"message":"Daemon functionality is currently not supported on Windows.","name":"unknown","level":30,"timestamp":"2026-02-21T11:38:50.792957Z","chunk_index":0,"total_chunks":1,"id":"28624251-fabd-4fd1-adfd-60b938227cf3"}
{"message":"Daemon functionality is currently not supported on Windows.","name":"unknown","level":30,"timestamp":"2026-02-21T11:38:50.792957Z","chunk_index":0,"total_chunks":1,"id":"2109952d-d9fc-4181-8608-d10bff5323aa"}
{"message":"Daemon functionality is currently not supported on Windows.","name":"unknown","level":30,"timestamp":"2026-02-21T11:38:50.792957Z","chunk_index":0,"total_chunks":1,"id":"f3dff867-b8c3-4ade-9d9d-0f767d200da9"}
{"message":"Daemon functionality is currently not supported on Windows.","name":"unknown","level":30,"timestamp":"2026-02-21T11:38:50.792957Z","chunk_index":0,"total_chunks":1,"id":"5fc52e91-a77a-4851-a67b-346cdae268bc"}
{"message":"Daemon functionality is currently not supported on Windows.","name":"unknown","level":30,"timestamp":"2026-02-21T11:38:50.792957Z","chunk_index":0,"total_chunks":1,"id":"4db66f46-882f-40f9-b3ba-8e55f5363345"}
{"message":"Daemon functionality is currently not supported on Windows.","name":"unknown","level":30,"timestamp":"2026-02-21T11:38:50.792957Z","chunk_index":0,"total_chunks":1,"id":"bb239964-0ac8-4447-85c8-36e7c2748e86"}
{"message":"Daemon functionality is currently not supported on Windows.","name":"unknown","level":30,"timestamp":"2026-02-21T11:38:55.802217Z","chunk_index":0,"total_chunks":1,"id":"ca6c9665-aac1-4990-bb1d-073e0a459ee6"}
{"message":"Daemon functionality is currently not supported on Windows.","name":"unknown","level":30,"timestamp":"2026-02-21T11:38:55.802217Z","chunk_index":0,"total_chunks":1,"id":"259cef65-ad17-4fb8-9d70-d700c1af4621"}
{"message":"Daemon functionality is currently not supported on Windows.","name":"unknown","level":30,"timestamp":"2026-02-21T11:38:55.802217Z","chunk_index":0,"total_chunks":1,"id":"a0b8bd93-6551-4636-9416-cfb54d59345a"}
{"message":"Daemon functionality is currently not supported on Windows.","name":"unknown","level":30,"timestamp":"2026-02-21T11:38:55.802217Z","chunk_index":0,"total_chunks":1,"id":"3c4b2549-5b85-4e62-8e91-6189e71dc898"}
{"message":"Daemon functionality is currently not supported on Windows.","name":"unknown","level":30,"timestamp":"2026-02-21T11:38:55.802217Z","chunk_index":0,"total_chunks":1,"id":"6627ca0c-a79c-4b41-ac77-c07e70ead9dd"}
{"message":"Daemon functionality is currently not supported on Windows.","name":"unknown","level":30,"timestamp":"2026-02-21T11:38:55.802217Z","chunk_index":0,"total_chunks":1,"id":"5f96b791-a344-423f-99fa-5a6d37afb91b"}
{"message":"Daemon functionality is currently not supported on Windows.","name":"unknown","level":30,"timestamp":"2026-02-21T11:38:55.802217Z","chunk_index":0,"total_chunks":1,"id":"fb75f4f9-a967-41bb-ad0c-af2057c63e35"}
{"message":"Daemon functionality is currently not supported on Windows.","name":"unknown","level":30,"timestamp":"2026-02-21T11:38:55.802217Z","chunk_index":0,"total_chunks":1,"id":"4470c043-7e04-4f8e-9a40-6cadc10f164f"}
{"message":"Daemon functionality is currently not supported on Windows.","name":"unknown","level":30,"timestamp":"2026-02-21T11:38:55.802217Z","chunk_index":0,"total_chunks":1,"id":"04a38528-0a92-4ff3-bb5c-f5a5edc689e3"}
{"message":"Daemon functionality is currently not supported on Windows.","name":"unknown","level":30,"timestamp":"2026-02-21T11:38:55.802217Z","chunk_index":0,"total_chunks":1,"id":"6483a013-0416-47b2-b305-2288cf1c9439"}
{"message":"Daemon functionality is currently not supported on Windows.","name":"unknown","level":30,"timestamp":"2026-02-21T11:39:00.814592Z","chunk_index":0,"total_chunks":1,"id":"96e4014c-6fff-4993-894c-2c9f9b7e2872"}
{"message":"Daemon functionality is currently not supported on Windows.","name":"unknown","level":30,"timestamp":"2026-02-21T11:39:00.815431Z","chunk_index":0,"total_chunks":1,"id":"3e7c84a1-959d-4f60-9ec4-4aeeb3d2382f"}
{"message":"Daemon functionality is currently not supported on Windows.","name":"unknown","level":30,"timestamp":"2026-02-21T11:39:00.815431Z","chunk_index":0,"total_chunks":1,"id":"88d811d8-7b5d-4fca-a481-cc7635b2ac0e"}
{"message":"Daemon functionality is currently not supported on Windows.","name":"unknown","level":30,"timestamp":"2026-02-21T11:39:00.815431Z","chunk_index":0,"total_chunks":1,"id":"e49a3325-581c-4fde-a301-e4c95c1a595c"}
{"message":"Daemon functionality is currently not supported on Windows.","name":"unknown","level":30,"timestamp":"2026-02-21T11:39:00.815431Z","chunk_index":0,"total_chunks":1,"id":"214feeeb-8ff4-488c-86c7-531af73ff541"}
{"message":"Daemon functionality is currently not supported on Windows.","name":"unknown","level":30,"timestamp":"2026-02-21T11:39:00.815431Z","chunk_index":0,"total_chunks":1,"id":"09653be5-c3e2-484c-a00b-4e9df8e45331"}
{"message":"Daemon functionality is currently not supported on Windows.","name":"unknown","level":30,"timestamp":"2026-02-21T11:39:00.815431Z","chunk_index":0,"total_chunks":1,"id":"196a0c88-8df2-4ae7-8642-258abc925802"}
{"message":"Daemon functionality is currently not supported on Windows.","name":"unknown","level":30,"timestamp":"2026-02-21T11:39:00.815431Z","chunk_index":0,"total_chunks":1,"id":"123cb77d-3eff-4698-8462-66a5deaad8a2"}
{"message":"Daemon functionality is currently not supported on Windows.","name":"unknown","level":30,"timestamp":"2026-02-21T11:39:00.815431Z","chunk_index":0,"total_chunks":1,"id":"e0a3ebfc-cd75-496a-b46f-e49eec2360aa"}
{"message":"Daemon functionality is currently not supported on Windows.","name":"unknown","level":30,"timestamp":"2026-02-21T11:39:00.815431Z","chunk_index":0,"total_chunks":1,"id":"7f69400b-2386-4585-b8b0-237751ec7e27"}
{"message":"Daemon functionality is currently not supported on Windows.","name":"unknown","level":30,"timestamp":"2026-02-21T11:39:05.819684Z","chunk_index":0,"total_chunks":1,"id":"9ad3ba84-118d-4616-8f70-6d0d4507900d"}
{"message":"Daemon functionality is currently not supported on Windows.","name":"unknown","level":30,"timestamp":"2026-02-21T11:39:05.819684Z","chunk_index":0,"total_chunks":1,"id":"47c8665e-f711-4044-96ae-efa9870bc931"}
{"message":"Daemon functionality is currently not supported on Windows.","name":"unknown","level":30,"timestamp":"2026-02-21T11:39:05.819684Z","chunk_index":0,"total_chunks":1,"id":"a7aa175c-108e-46aa-aa33-c2926e32a130"}
{"message":"Daemon functionality is currently not supported on Windows.","name":"unknown","level":30,"timestamp":"2026-02-21T11:39:05.819684Z","chunk_index":0,"total_chunks":1,"id":"14628767-23d7-4730-afc1-36e06895ce42"}
{"message":"Daemon functionality is currently not supported on Windows.","name":"unknown","level":30,"timestamp":"2026-02-21T11:39:05.819684Z","chunk_index":0,"total_chunks":1,"id":"f4a028dd-761e-4243-aac9-62d15df2203e"}
{"message":"Daemon functionality is currently not supported on Windows.","name":"unknown","level":30,"timestamp":"2026-02-21T11:39:05.819684Z","chunk_index":0,"total_chunks":1,"id":"aad103b9-bfb7-4a96-8805-73c06446bc8f"}
{"message":"Daemon functionality is currently not supported on Windows.","name":"unknown","level":30,"timestamp":"2026-02-21T11:39:05.819684Z","chunk_index":0,"total_chunks":1,"id":"19267a20-7c8c-43d0-a62b-3e2dc5bb29e8"}
{"message":"Daemon functionality is currently not supported on Windows.","name":"unknown","level":30,"timestamp":"2026-02-21T11:39:05.819684Z","chunk_index":0,"total_chunks":1,"id":"36248625-8d83-4132-91c8-b0d2e646f401"}
{"message":"Daemon functionality is currently not supported on Windows.","name":"unknown","level":30,"timestamp":"2026-02-21T11:39:05.819684Z","chunk_index":0,"total_chunks":1,"id":"23987688-8028-448e-b1fe-91e07cf99da2"}
{"message":"Daemon functionality is currently not supported on Windows.","name":"unknown","level":30,"timestamp":"2026-02-21T11:39:05.819684Z","chunk_index":0,"total_chunks":1,"id":"db78a226-34db-4c71-a183-52fe4ef06606"}
{"message":"Daemon functionality is currently not supported on Windows.","name":"unknown","level":30,"timestamp":"2026-02-21T11:39:10.834931Z","chunk_index":0,"total_chunks":1,"id":"eedae35e-426b-4778-a519-0b830d31be4f"}
{"message":"Daemon functionality is currently not supported on Windows.","name":"unknown","level":30,"timestamp":"2026-02-21T11:39:10.834931Z","chunk_index":0,"total_chunks":1,"id":"9a50c498-06ae-4263-9c35-769d888ad8ec"}
{"message":"Daemon functionality is currently not supported on Windows.","name":"unknown","level":30,"timestamp":"2026-02-21T11:39:10.836874Z","chunk_index":0,"total_chunks":1,"id":"1fac6297-ef53-4bd0-b220-8bd5c018c04f"}
{"message":"Daemon functionality is currently not supported on Windows.","name":"unknown","level":30,"timestamp":"2026-02-21T11:39:10.836874Z","chunk_index":0,"total_chunks":1,"id":"dc3ffafd-0d32-4cfc-8972-aa3a6a20fa39"}
{"message":"Daemon functionality is currently not supported on Windows.","name":"unknown","level":30,"timestamp":"2026-02-21T11:39:10.836874Z","chunk_index":0,"total_chunks":1,"id":"8b8a1e77-d055-42ba-93cc-6f71a01db285"}
{"message":"Daemon functionality is currently not supported on Windows.","name":"unknown","level":30,"timestamp":"2026-02-21T11:39:10.837895Z","chunk_index":0,"total_chunks":1,"id":"afea4fb9-ffeb-4568-954e-1febee43a3de"}
{"message":"Daemon functionality is currently not supported on Windows.","name":"unknown","level":30,"timestamp":"2026-02-21T11:39:10.837895Z","chunk_index":0,"total_chunks":1,"id":"cca20f40-c8a8-4a71-9702-006b57a2d8fe"}
{"message":"Daemon functionality is currently not supported on Windows.","name":"unknown","level":30,"timestamp":"2026-02-21T11:39:10.837895Z","chunk_index":0,"total_chunks":1,"id":"ce416ed5-1939-42dd-bd39-fa4d1f0ed7a3"}
{"message":"Daemon functionality is currently not supported on Windows.","name":"unknown","level":30,"timestamp":"2026-02-21T11:39:10.837895Z","chunk_index":0,"total_chunks":1,"id":"ff251365-3e35-411b-8708-bc1376d6da60"}
{"message":"Daemon functionality is currently not supported on Windows.","name":"unknown","level":30,"timestamp":"2026-02-21T11:39:10.837895Z","chunk_index":0,"total_chunks":1,"id":"2cc80ecf-1f6d-4cf7-82f9-11ee3234e562"}
{"message":"Daemon functionality is currently not supported on Windows.","name":"unknown","level":30,"timestamp":"2026-02-21T11:39:15.840144Z","chunk_index":0,"total_chunks":1,"id":"2c0cebde-61d9-4c24-8afc-14c42f957c3b"}
{"message":"Daemon functionality is currently not supported on Windows.","name":"unknown","level":30,"timestamp":"2026-02-21T11:39:15.840144Z","chunk_index":0,"total_chunks":1,"id":"2cffc619-0fb3-4646-a2e9-463186d36c72"}
{"message":"Daemon functionality is currently not supported on Windows.","name":"unknown","level":30,"timestamp":"2026-02-21T11:39:15.840144Z","chunk_index":0,"total_chunks":1,"id":"0033bd55-f775-46da-abcb-ceeb10b61426"}
{"message":"Daemon functionality is currently not supported on Windows.","name":"unknown","level":30,"timestamp":"2026-02-21T11:39:15.840144Z","chunk_index":0,"total_chunks":1,"id":"9c6ca0d3-8dd6-48f6-9a05-cac6be05ed23"}
{"message":"Daemon functionality is currently not supported on Windows.","name":"unknown","level":30,"timestamp":"2026-02-21T11:39:15.840144Z","chunk_index":0,"total_chunks":1,"id":"e9e955be-92da-40b4-9ea2-0b9d6b474945"}
{"message":"Daemon functionality is currently not supported on Windows.","name":"unknown","level":30,"timestamp":"2026-02-21T11:39:15.840144Z","chunk_index":0,"total_chunks":1,"id":"59d2c8c2-3d23-4e54-b256-232a09707033"}
{"message":"Daemon functionality is currently not supported on Windows.","name":"unknown","level":30,"timestamp":"2026-02-21T11:39:15.840144Z","chunk_index":0,"total_chunks":1,"id":"c86c5611-0dff-4d10-b7be-a2c04ff64174"}
{"message":"Daemon functionality is currently not supported on Windows.","name":"unknown","level":30,"timestamp":"2026-02-21T11:39:15.840144Z","chunk_index":0,"total_chunks":1,"id":"f00b4a2d-b106-4bfb-bb3a-38d92ce26893"}
{"message":"Daemon functionality is currently not supported on Windows.","name":"unknown","level":30,"timestamp":"2026-02-21T11:39:15.840144Z","chunk_index":0,"total_chunks":1,"id":"411617ba-e87a-4cad-a951-7f5a52a5b26d"}
{"message":"Daemon functionality is currently not supported on Windows.","name":"unknown","level":30,"timestamp":"2026-02-21T11:39:15.840144Z","chunk_index":0,"total_chunks":1,"id":"8d19c67e-11da-4c0d-b39f-bfaed74a4bf9"}
{"message":"Daemon functionality is currently not supported on Windows.","name":"unknown","level":30,"timestamp":"2026-02-21T11:39:20.273509Z","chunk_index":0,"total_chunks":1,"id":"fb1830aa-0c00-4266-a5a8-70afbe6f1be8"}
{"message":"Daemon functionality is currently not supported on Windows.","name":"unknown","level":30,"timestamp":"2026-02-21T11:39:20.273509Z","chunk_index":0,"total_chunks":1,"id":"79997700-4854-420a-a19c-24485dc20875"}
{"message":"Daemon functionality is currently not supported on Windows.","name":"unknown","level":30,"timestamp":"2026-02-21T11:39:20.273509Z","chunk_index":0,"total_chunks":1,"id":"399d7168-9f4a-48cf-8f08-e4dc89bc9b85"}
{"message":"Daemon functionality is currently not supported on Windows.","name":"unknown","level":30,"timestamp":"2026-02-21T11:39:20.273509Z","chunk_index":0,"total_chunks":1,"id":"433dd687-3476-4221-8f33-ab074290c494"}
{"message":"Daemon functionality is currently not supported on Windows.","name":"unknown","level":30,"timestamp":"2026-02-21T11:39:20.273509Z","chunk_index":0,"total_chunks":1,"id":"92fff99a-a655-4630-a136-37b11146f675"}
{"message":"Timed out waiting for service MLFlowDeploymentService[a561751f-0f44-4cc7-a3f2-fa355fabf66c] (type: model-serving, flavor: mlflow) to become active:\n  Administrative state: `active`\n  Operational state: `inactive`\n  Last status message: 'service daemon is not running'\nFor more information on the service status, please see the following log file: C:\\Users\\Santosh\\AppData\\Roaming\\zenml\\local_stores\\acfca795-9fd0-467b-9733-efbd4c78a058\\a561751f-0f44-4cc7-a3f2-fa355fabf66c\\service.log","name":"unknown","level":40,"timestamp":"2026-02-21T11:39:20.273509Z","chunk_index":0,"total_chunks":1,"id":"20897712-22dd-4eab-b5fb-0904e7f24dfc"}
{"message":"Daemon functionality is currently not supported on Windows.","name":"unknown","level":30,"timestamp":"2026-02-21T11:39:20.273509Z","chunk_index":0,"total_chunks":1,"id":"4e8a1d48-301b-464a-b9e5-9487c23d154f"}
{"message":"Failed to start service MLFlowDeploymentService[a561751f-0f44-4cc7-a3f2-fa355fabf66c] (type: model-serving, flavor: mlflow)\n  Administrative state: `active`\n  Operational state: `inactive`\n  Last status message: 'service daemon is not running'\nFor more information on the service status, please see the following log file: C:\\Users\\Santosh\\AppData\\Roaming\\zenml\\local_stores\\acfca795-9fd0-467b-9733-efbd4c78a058\\a561751f-0f44-4cc7-a3f2-fa355fabf66c\\service.log","name":"unknown","level":40,"timestamp":"2026-02-21T11:39:20.273509Z","chunk_index":0,"total_chunks":1,"id":"164df8d5-bfaa-43c9-b2e8-fb665cc6fbfa"}
{"message":"\r⠦ Starting service 'MLFlowDeploymentService (type: model-serving, flavor: mlflow)'.","name":"unknown","level":20,"timestamp":"2026-02-21T11:39:20.273509Z","chunk_index":0,"total_chunks":1,"id":"0dff08c3-8a8f-4eff-9928-f6ea10a0d36b"}
{"message":"Created a new MLflow deployment service: MLFlowDeploymentService[a561751f-0f44-4cc7-a3f2-fa355fabf66c] (type: model-serving, flavor: mlflow)","name":"unknown","level":20,"timestamp":"2026-02-21T11:39:20.273509Z","chunk_index":0,"total_chunks":1,"id":"36833f42-f325-49e1-a04f-24a53f6ecb7d"}
{"message":"Daemon functionality is currently not supported on Windows.","name":"unknown","level":30,"timestamp":"2026-02-21T11:39:20.273509Z","chunk_index":0,"total_chunks":1,"id":"fb8ec04f-cbcf-4296-aa18-6eef81bdf7a7"}
{"message":"Daemon functionality is currently not supported on Windows.","name":"unknown","level":30,"timestamp":"2026-02-21T11:39:20.273509Z","chunk_index":0,"total_chunks":1,"id":"416c7a74-6b56-44f9-a0ec-3c7099729067"}
{"message":"MLflow deployment service started and reachable at:\n    None","name":"unknown","level":20,"timestamp":"2026-02-21T11:39:20.273509Z","chunk_index":0,"total_chunks":1,"id":"6a243d68-e512-4953-8c47-bb2f5b2b0b67"}
{"message":"Stopping existing services...","name":"unknown","level":20,"timestamp":"2026-02-21T11:39:20.273509Z","chunk_index":0,"total_chunks":1,"id":"56fbf271-feba-4ff5-8140-42602332ef7a"}
{"message":"Daemon functionality is currently not supported on Windows.","name":"unknown","level":30,"timestamp":"2026-02-21T11:39:20.273509Z","chunk_index":0,"total_chunks":1,"id":"e287a741-2c3d-4b25-97f2-b4feaf656e85"}
