{"message":"","name":"unknown","level":20,"timestamp":"2026-02-21T11:57:33.110114Z","chunk_index":0,"total_chunks":1,"id":"2509e90a-0640-4108-9e2d-0d28483fc4e6"}
{"message":"Daemon functionality is currently not supported on Windows.","name":"unknown","level":30,"timestamp":"2026-02-21T11:57:33.110114Z","chunk_index":0,"total_chunks":1,"id":"f1111fc0-b165-4b33-be27-ca2fa4fcdf3f"}
{"message":"Daemon functionality is currently not supported on Windows.","name":"unknown","level":30,"timestamp":"2026-02-21T11:57:38.232064Z","chunk_index":0,"total_chunks":1,"id":"6c2ef1b1-f724-4fba-bc1c-a7d89d6e91bb"}
{"message":"Daemon process for service 'MLFlowDeploymentService[a561751f-0f44-4cc7-a3f2-fa355fabf66c] (type: model-serving, flavor: mlflow)' failed to start.","name":"unknown","level":40,"timestamp":"2026-02-21T11:57:38.232064Z","chunk_index":0,"total_chunks":1,"id":"365873bf-ff98-4d2f-8deb-1024e34bdd67"}
{"message":"Daemon functionality is currently not supported on Windows.","name":"unknown","level":30,"timestamp":"2026-02-21T11:57:38.232064Z","chunk_index":0,"total_chunks":1,"id":"e4f885c6-a28a-4635-9174-10f579432d5a"}
{"message":"Daemon functionality is currently not supported on Windows.","name":"unknown","level":30,"timestamp":"2026-02-21T11:57:38.232064Z","chunk_index":0,"total_chunks":1,"id":"91c66179-c472-4bce-8195-f98a348cb190"}
{"message":"Daemon functionality is currently not supported on Windows.","name":"unknown","level":30,"timestamp":"2026-02-21T11:57:38.232064Z","chunk_index":0,"total_chunks":1,"id":"665a2dc8-57a9-4fdc-90f3-0a342ce20204"}
{"message":"Daemon functionality is currently not supported on Windows.","name":"unknown","level":30,"timestamp":"2026-02-21T11:57:38.232064Z","chunk_index":0,"total_chunks":1,"id":"aa0b3da0-85cd-41bc-8741-efd0cb76fa07"}
{"message":"Daemon functionality is currently not supported on Windows.","name":"unknown","level":30,"timestamp":"2026-02-21T11:57:38.232064Z","chunk_index":0,"total_chunks":1,"id":"71f4991b-ccef-4365-adbc-df33a521d403"}
{"message":"Daemon functionality is currently not supported on Windows.","name":"unknown","level":30,"timestamp":"2026-02-21T11:57:38.232064Z","chunk_index":0,"total_chunks":1,"id":"52d2d352-803a-4b6f-9a4b-2cd1b01177d2"}
{"message":"Daemon functionality is currently not supported on Windows.","name":"unknown","level":30,"timestamp":"2026-02-21T11:57:43.248221Z","chunk_index":0,"total_chunks":1,"id":"3cb4e267-62e3-4c39-83ac-281559e8e19b"}
{"message":"Daemon functionality is currently not supported on Windows.","name":"unknown","level":30,"timestamp":"2026-02-21T11:57:43.248221Z","chunk_index":0,"total_chunks":1,"id":"baf97756-7b7f-4320-ac7c-12b3b80c3f91"}
{"message":"Daemon functionality is currently not supported on Windows.","name":"unknown","level":30,"timestamp":"2026-02-21T11:57:43.248221Z","chunk_index":0,"total_chunks":1,"id":"d0538e27-726d-40d8-a401-030b83984a73"}
{"message":"Daemon functionality is currently not supported on Windows.","name":"unknown","level":30,"timestamp":"2026-02-21T11:57:43.248221Z","chunk_index":0,"total_chunks":1,"id":"0daa8bce-bf5e-4fa7-922e-7045b7608156"}
{"message":"Daemon functionality is currently not supported on Windows.","name":"unknown","level":30,"timestamp":"2026-02-21T11:57:43.248221Z","chunk_index":0,"total_chunks":1,"id":"f57e59e6-572d-429c-9ad4-d9cbda67888c"}
{"message":"Daemon functionality is currently not supported on Windows.","name":"unknown","level":30,"timestamp":"2026-02-21T11:57:43.248221Z","chunk_index":0,"total_chunks":1,"id":"0e8cc2b0-7d45-4df0-8d7c-ea5768b78dc2"}
{"message":"Daemon functionality is currently not supported on Windows.","name":"unknown","level":30,"timestamp":"2026-02-21T11:57:43.248221Z","chunk_index":0,"total_chunks":1,"id":"d0cedd76-b3e7-4aba-a1a7-e00e30a515e3"}
{"message":"Daemon functionality is currently not supported on Windows.","name":"unknown","level":30,"timestamp":"2026-02-21T11:57:43.248221Z","chunk_index":0,"total_chunks":1,"id":"e43fe555-175a-47cc-be22-f3465baa84cc"}
{"message":"Daemon functionality is currently not supported on Windows.","name":"unknown","level":30,"timestamp":"2026-02-21T11:57:43.248221Z","chunk_index":0,"total_chunks":1,"id":"1bfe5874-be07-4e11-b2b4-6145db6e4e54"}
{"message":"Daemon functionality is currently not supported on Windows.","name":"unknown","level":30,"timestamp":"2026-02-21T11:57:43.248221Z","chunk_index":0,"total_chunks":1,"id":"533cdff8-8463-4c64-8140-a6dd2593f7ca"}
{"message":"Received signal shutdown 2. Requesting shutdown for step 'predictor'...","name":"unknown","level":20,"timestamp":"2026-02-21T11:57:43.248221Z","chunk_index":0,"total_chunks":1,"id":"1e590e51-2ee6-42ab-8f59-df5a50b05877"}
{"message":"Received signal shutdown 2. Requesting shutdown for step 'prediction_service_loader'...","name":"unknown","level":20,"timestamp":"2026-02-21T11:57:43.248221Z","chunk_index":0,"total_chunks":1,"id":"bf74da44-b5f4-4131-af65-8ee049abc5e4"}
{"message":"Received signal shutdown 2. Requesting shutdown for step 'dynamic_importer'...","name":"unknown","level":20,"timestamp":"2026-02-21T11:57:43.248221Z","chunk_index":0,"total_chunks":1,"id":"53a59332-d466-4768-8ebd-9f59d68ccd76"}
{"message":"Received signal shutdown 2. Requesting shutdown for step 'model_evalautor_step'...","name":"unknown","level":20,"timestamp":"2026-02-21T11:57:43.248221Z","chunk_index":0,"total_chunks":1,"id":"3a10c6d7-1028-4354-9410-eb0dbb18934e"}
{"message":"Received signal shutdown 2. Requesting shutdown for step 'mlflow_model_deployer_step'...","name":"unknown","level":20,"timestamp":"2026-02-21T11:57:43.248221Z","chunk_index":0,"total_chunks":1,"id":"ba310dc5-f377-44a0-abed-538afd492213"}
{"message":"Received signal shutdown 2. Requesting shutdown for step 'model_building_step'...","name":"unknown","level":20,"timestamp":"2026-02-21T11:57:43.248221Z","chunk_index":0,"total_chunks":1,"id":"adcd8a09-a862-4ee4-b9fa-efcddcaecf83"}
{"message":"\r⠦ Starting service 'MLFlowDeploymentService (type: model-serving, flavor: mlflow)'.","name":"unknown","level":20,"timestamp":"2026-02-21T11:57:43.248221Z","chunk_index":0,"total_chunks":1,"id":"ea508407-3803-4a79-bdbd-3404c9adf2d9"}
{"message":"An exception has occurred.","name":"unknown","level":40,"timestamp":"2026-02-21T11:57:43.248221Z","chunk_index":0,"total_chunks":1,"id":"b91eabc9-6635-4d48-a67d-dd50e7a35cea"}
