{"message":"","name":"unknown","level":20,"timestamp":"2026-02-21T11:58:23.997722Z","chunk_index":0,"total_chunks":1,"id":"dccdfae4-4d9f-4062-a6ab-a0a8743d9a11"}
{"message":"Daemon functionality is currently not supported on Windows.","name":"unknown","level":30,"timestamp":"2026-02-21T11:58:23.997722Z","chunk_index":0,"total_chunks":1,"id":"785285c4-09c9-479c-af19-5c27a2f09459"}
{"message":"Daemon functionality is currently not supported on Windows.","name":"unknown","level":30,"timestamp":"2026-02-21T11:58:29.010566Z","chunk_index":0,"total_chunks":1,"id":"806a15a5-2f51-4c83-a416-07ef31520d95"}
{"message":"Daemon process for service 'MLFlowDeploymentService[a561751f-0f44-4cc7-a3f2-fa355fabf66c] (type: model-serving, flavor: mlflow)' failed to start.","name":"unknown","level":40,"timestamp":"2026-02-21T11:58:29.010566Z","chunk_index":0,"total_chunks":1,"id":"22c633e7-80f0-41ee-a3b2-f7c285b334e9"}
{"message":"Daemon functionality is currently not supported on Windows.","name":"unknown","level":30,"timestamp":"2026-02-21T11:58:29.010566Z","chunk_index":0,"total_chunks":1,"id":"f3b493fc-f198-4a96-9049-27939b8974c4"}
{"message":"Daemon functionality is currently not supported on Windows.","name":"unknown","level":30,"timestamp":"2026-02-21T11:58:29.010566Z","chunk_index":0,"total_chunks":1,"id":"d9c53b5c-29f9-49a2-8f51-39674903dee7"}
{"message":"Daemon functionality is currently not supported on Windows.","name":"unknown","level":30,"timestamp":"2026-02-21T11:58:29.010566Z","chunk_index":0,"total_chunks":1,"id":"ad851f66-cec6-486c-ae66-849619db9f1e"}
{"message":"Daemon functionality is currently not supported on Windows.","name":"unknown","level":30,"timestamp":"2026-02-21T11:58:29.010566Z","chunk_index":0,"total_chunks":1,"id":"84f4246b-7741-4394-9003-3fcf0c1cc737"}
{"message":"Daemon functionality is currently not supported on Windows.","name":"unknown","level":30,"timestamp":"2026-02-21T11:58:29.010566Z","chunk_index":0,"total_chunks":1,"id":"44573898-1e05-45d6-82ef-e03044efb566"}
{"message":"Daemon functionality is currently not supported on Windows.","name":"unknown","level":30,"timestamp":"2026-02-21T11:58:29.010566Z","chunk_index":0,"total_chunks":1,"id":"0737e4ed-c9f3-46b8-95a4-d1b07189732e"}
{"message":"Daemon functionality is currently not supported on Windows.","name":"unknown","level":30,"timestamp":"2026-02-21T11:58:29.010566Z","chunk_index":0,"total_chunks":1,"id":"f7db55a8-321d-4ac8-829b-9e2a58dc3295"}
{"message":"Daemon functionality is currently not supported on Windows.","name":"unknown","level":30,"timestamp":"2026-02-21T11:58:29.010566Z","chunk_index":0,"total_chunks":1,"id":"23fa1930-1c57-40bc-9ac1-a7c860eb6c92"}
{"message":"Daemon functionality is currently not supported on Windows.","name":"unknown","level":30,"timestamp":"2026-02-21T11:58:34.019428Z","chunk_index":0,"total_chunks":1,"id":"48705e64-d127-4a99-86fa-9bc1801c76f4"}
{"message":"Daemon functionality is currently not supported on Windows.","name":"unknown","level":30,"timestamp":"2026-02-21T11:58:34.019428Z","chunk_index":0,"total_chunks":1,"id":"f255f37b-9003-482d-92c8-fc780d61d43f"}
{"message":"Daemon functionality is currently not supported on Windows.","name":"unknown","level":30,"timestamp":"2026-02-21T11:58:34.019428Z","chunk_index":0,"total_chunks":1,"id":"0e6cf2bb-f158-48a4-9418-df631d6d940a"}
{"message":"Daemon functionality is currently not supported on Windows.","name":"unknown","level":30,"timestamp":"2026-02-21T11:58:34.019428Z","chunk_index":0,"total_chunks":1,"id":"e8c8a279-1c38-4f7b-8316-217967bed081"}
{"message":"Daemon functionality is currently not supported on Windows.","name":"unknown","level":30,"timestamp":"2026-02-21T11:58:34.019428Z","chunk_index":0,"total_chunks":1,"id":"2549910b-874d-4ad0-b429-80522a790c07"}
{"message":"Daemon functionality is currently not supported on Windows.","name":"unknown","level":30,"timestamp":"2026-02-21T11:58:34.019428Z","chunk_index":0,"total_chunks":1,"id":"d3ef9756-cd4b-410f-aa55-949d31d821f5"}
{"message":"Daemon functionality is currently not supported on Windows.","name":"unknown","level":30,"timestamp":"2026-02-21T11:58:34.019428Z","chunk_index":0,"total_chunks":1,"id":"f54faeec-943d-4e82-8b4b-c4cf7087c7da"}
{"message":"Daemon functionality is currently not supported on Windows.","name":"unknown","level":30,"timestamp":"2026-02-21T11:58:34.019428Z","chunk_index":0,"total_chunks":1,"id":"b06e3fe6-3fc0-4d35-afb9-251202bcb0e2"}
{"message":"Daemon functionality is currently not supported on Windows.","name":"unknown","level":30,"timestamp":"2026-02-21T11:58:34.019428Z","chunk_index":0,"total_chunks":1,"id":"60c98a63-6294-47bc-8434-329f7a44a219"}
{"message":"Daemon functionality is currently not supported on Windows.","name":"unknown","level":30,"timestamp":"2026-02-21T11:58:34.019428Z","chunk_index":0,"total_chunks":1,"id":"b5ec2772-fd81-4efc-943f-4a8d101cb146"}
{"message":"Daemon functionality is currently not supported on Windows.","name":"unknown","level":30,"timestamp":"2026-02-21T11:58:37.014465Z","chunk_index":0,"total_chunks":1,"id":"0aee0f00-0156-49cd-a9b7-f193c80d66da"}
{"message":"Daemon functionality is currently not supported on Windows.","name":"unknown","level":30,"timestamp":"2026-02-21T11:58:37.014465Z","chunk_index":0,"total_chunks":1,"id":"a474b4d8-5aea-4175-9e3f-3cea09b67b85"}
{"message":"Daemon functionality is currently not supported on Windows.","name":"unknown","level":30,"timestamp":"2026-02-21T11:58:37.014465Z","chunk_index":0,"total_chunks":1,"id":"607e7834-febf-4d02-a933-7da07a8a4108"}
{"message":"Daemon functionality is currently not supported on Windows.","name":"unknown","level":30,"timestamp":"2026-02-21T11:58:37.014465Z","chunk_index":0,"total_chunks":1,"id":"7efd0fae-db8e-4dc0-8fc9-43df680b21fe"}
{"message":"Daemon functionality is currently not supported on Windows.","name":"unknown","level":30,"timestamp":"2026-02-21T11:58:37.014465Z","chunk_index":0,"total_chunks":1,"id":"c248d450-4e93-4dce-8815-957777b0c1b7"}
{"message":"Timed out waiting for service MLFlowDeploymentService[a561751f-0f44-4cc7-a3f2-fa355fabf66c] (type: model-serving, flavor: mlflow) to become active:\n  Administrative state: `active`\n  Operational state: `inactive`\n  Last status message: 'service daemon is not running'\nFor more information on the service status, please see the following log file: C:\\Users\\Santosh\\AppData\\Roaming\\zenml\\local_stores\\acfca795-9fd0-467b-9733-efbd4c78a058\\a561751f-0f44-4cc7-a3f2-fa355fabf66c\\service.log","name":"unknown","level":40,"timestamp":"2026-02-21T11:58:37.014465Z","chunk_index":0,"total_chunks":1,"id":"d00fa5f1-91e7-4a4b-8f9e-26cdcf187987"}
{"message":"Daemon functionality is currently not supported on Windows.","name":"unknown","level":30,"timestamp":"2026-02-21T11:58:37.014465Z","chunk_index":0,"total_chunks":1,"id":"ba76a4aa-d0b4-470b-8e7f-6c5facf3abc4"}
{"message":"Failed to start service MLFlowDeploymentService[a561751f-0f44-4cc7-a3f2-fa355fabf66c] (type: model-serving, flavor: mlflow)\n  Administrative state: `active`\n  Operational state: `inactive`\n  Last status message: 'service daemon is not running'\nFor more information on the service status, please see the following log file: C:\\Users\\Santosh\\AppData\\Roaming\\zenml\\local_stores\\acfca795-9fd0-467b-9733-efbd4c78a058\\a561751f-0f44-4cc7-a3f2-fa355fabf66c\\service.log","name":"unknown","level":40,"timestamp":"2026-02-21T11:58:37.014465Z","chunk_index":0,"total_chunks":1,"id":"1ea2e2fa-00db-45c7-8921-573b38fa0943"}
{"message":"\r⠹ Starting service 'MLFlowDeploymentService (type: model-serving, flavor: mlflow)'.","name":"unknown","level":20,"timestamp":"2026-02-21T11:58:37.014465Z","chunk_index":0,"total_chunks":1,"id":"e3d13a86-b2d5-4785-8c2e-7449a07fd4da"}
{"message":"Daemon functionality is currently not supported on Windows.","name":"unknown","level":30,"timestamp":"2026-02-21T11:58:37.014465Z","chunk_index":0,"total_chunks":1,"id":"56391ad1-911a-4c25-af43-35afb3391f52"}
{"message":"An exception has occurred.\nException: MLflow prediction service is not running. Please start the service before making predictions.\nTraceback (most recent call last):\n  File \"C:\\Users\\Santosh\\Desktop\\ML-Project-Deployment\\MLOPS\\House-Price-prediction-End-to-End-Project\\.venv\\lib\\site-packages\\zenml\\orchestrators\\step_runner.py\", line 296, in run\n    raise step_exception\n  File \"C:\\Users\\Santosh\\Desktop\\ML-Project-Deployment\\MLOPS\\House-Price-prediction-End-to-End-Project\\.venv\\lib\\site-packages\\zenml\\orchestrators\\step_runner.py\", line 245, in run\n    return_values = step_instance.call_entrypoint(\n  File \"C:\\Users\\Santosh\\Desktop\\ML-Project-Deployment\\MLOPS\\House-Price-prediction-End-to-End-Project\\.venv\\lib\\site-packages\\zenml\\steps\\base_step.py\", line 701, in call_entrypoint\n    return self.entrypoint(**validated_args)\n  File \"C:\\Users\\Santosh\\Desktop\\ML-Project-Deployment\\MLOPS\\House-Price-prediction-End-to-End-Project\\steps\\predictor.py\", line 64, in predictor\n    predicton = service.predict(data_array)\n  File \"C:\\Users\\Santosh\\Desktop\\ML-Project-Deployment\\MLOPS\\House-Price-prediction-End-to-End-Project\\.venv\\lib\\site-packages\\zenml\\integrations\\mlflow\\services\\mlflow_deployment.py\", line 301, in predict\n    raise Exception(\nException: MLflow prediction service is not running. Please start the service before making predictions.","name":"unknown","level":40,"timestamp":"2026-02-21T11:58:37.014465Z","chunk_index":0,"total_chunks":1,"id":"07cd963b-b25d-431b-bea3-605cc387a5e2"}
