{"message":"Deploying model server for model with the following configuration: {'type': 'zenml.integrations.mlflow.services.mlflow_deployment.MLFlowDeploymentConfig', 'name': '', 'description': '', 'pipeline_name': 'continuous_deploymnet_pipeline', 'pipeline_step_name': 'mlflow_model_deployer_step', 'model_name': 'model', 'model_version': '', 'service_name': 'zenml-model', 'silent_daemon': False, 'root_runtime_path': None, 'singleton': False, 'blocking': False, 'model_uri': 'file:C:\\\\Users\\\\Santosh\\\\Desktop\\\\ML-Project-Deployment\\\\MLOPS\\\\House-Price-prediction-End-to-End-Project\\\\artifacts\\\\mlruns/645014528431196974/02eb905082df4c8295f3f914c09b6874/artifacts/model', 'registry_model_name': None, 'registry_model_version': None, 'registry_model_stage': None, 'workers': 3, 'mlserver': False, 'timeout': 60}","name":"unknown","level":20,"timestamp":"2026-02-21T11:22:49.038003Z","chunk_index":0,"total_chunks":1,"id":"374cd6cf-6f37-4d8e-8d28-29aa4a04eee5"}
{"message":"","name":"unknown","level":20,"timestamp":"2026-02-21T11:22:49.038003Z","chunk_index":0,"total_chunks":1,"id":"a5cc2e48-f975-4db0-bbdd-a58d275f3ddf"}
{"message":"Daemon functionality is currently not supported on Windows.","name":"unknown","level":30,"timestamp":"2026-02-21T11:22:54.042721Z","chunk_index":0,"total_chunks":1,"id":"512625f4-b31d-4d7f-9916-66c80175a588"}
{"message":"Daemon process for service 'MLFlowDeploymentService[53a9e26f-62d9-4bab-8dde-328f0571dbc5] (type: model-serving, flavor: mlflow)' failed to start.","name":"unknown","level":40,"timestamp":"2026-02-21T11:22:54.042721Z","chunk_index":0,"total_chunks":1,"id":"084da499-84d8-4c6c-b69b-60e707042522"}
{"message":"Daemon functionality is currently not supported on Windows.","name":"unknown","level":30,"timestamp":"2026-02-21T11:22:54.042721Z","chunk_index":0,"total_chunks":1,"id":"f5bc58b9-d601-425a-bf64-202fe8757aa3"}
{"message":"Daemon functionality is currently not supported on Windows.","name":"unknown","level":30,"timestamp":"2026-02-21T11:22:54.042721Z","chunk_index":0,"total_chunks":1,"id":"5010b9d8-f9f7-4e40-bd84-6dda4d73e28b"}
{"message":"Daemon functionality is currently not supported on Windows.","name":"unknown","level":30,"timestamp":"2026-02-21T11:22:54.042721Z","chunk_index":0,"total_chunks":1,"id":"163e7abf-3675-414a-a0a9-fee953a040ec"}
{"message":"Daemon functionality is currently not supported on Windows.","name":"unknown","level":30,"timestamp":"2026-02-21T11:22:54.042721Z","chunk_index":0,"total_chunks":1,"id":"0ef63a21-dd49-4370-bbc0-ffb3c7d0a763"}
{"message":"Daemon functionality is currently not supported on Windows.","name":"unknown","level":30,"timestamp":"2026-02-21T11:22:54.042721Z","chunk_index":0,"total_chunks":1,"id":"09448a67-a150-4fc9-9a56-2fb14cda9464"}
{"message":"Daemon functionality is currently not supported on Windows.","name":"unknown","level":30,"timestamp":"2026-02-21T11:22:54.042721Z","chunk_index":0,"total_chunks":1,"id":"4aed949f-8fdd-49fe-a209-41f3cc91f437"}
{"message":"Daemon functionality is currently not supported on Windows.","name":"unknown","level":30,"timestamp":"2026-02-21T11:22:59.054778Z","chunk_index":0,"total_chunks":1,"id":"d67edcc6-8100-4b39-a7a0-7395656103ae"}
{"message":"Daemon functionality is currently not supported on Windows.","name":"unknown","level":30,"timestamp":"2026-02-21T11:22:59.054778Z","chunk_index":0,"total_chunks":1,"id":"a54ff8d1-ddf4-4586-88f6-52f41baace69"}
{"message":"Daemon functionality is currently not supported on Windows.","name":"unknown","level":30,"timestamp":"2026-02-21T11:22:59.054778Z","chunk_index":0,"total_chunks":1,"id":"9152222e-e58a-4fec-98d7-59ef60fce6cc"}
{"message":"Daemon functionality is currently not supported on Windows.","name":"unknown","level":30,"timestamp":"2026-02-21T11:22:59.054778Z","chunk_index":0,"total_chunks":1,"id":"3a75b7e7-7a18-4af4-983b-661d1f8a4ebd"}
{"message":"Daemon functionality is currently not supported on Windows.","name":"unknown","level":30,"timestamp":"2026-02-21T11:22:59.054778Z","chunk_index":0,"total_chunks":1,"id":"b26026db-c0fd-441d-ac6c-b09a36e6ac79"}
{"message":"Daemon functionality is currently not supported on Windows.","name":"unknown","level":30,"timestamp":"2026-02-21T11:22:59.054778Z","chunk_index":0,"total_chunks":1,"id":"b027b888-af86-44fa-bc4b-0ac95aedd060"}
{"message":"Daemon functionality is currently not supported on Windows.","name":"unknown","level":30,"timestamp":"2026-02-21T11:22:59.054778Z","chunk_index":0,"total_chunks":1,"id":"08c45124-6fac-4fc6-a82e-2a992d22d14e"}
{"message":"Daemon functionality is currently not supported on Windows.","name":"unknown","level":30,"timestamp":"2026-02-21T11:22:59.054778Z","chunk_index":0,"total_chunks":1,"id":"a59bcca7-b7f0-42ee-b3b6-f34aad816f95"}
{"message":"Daemon functionality is currently not supported on Windows.","name":"unknown","level":30,"timestamp":"2026-02-21T11:22:59.054778Z","chunk_index":0,"total_chunks":1,"id":"34310c73-2fdf-4d12-8ce9-94aa3eecdca2"}
{"message":"Daemon functionality is currently not supported on Windows.","name":"unknown","level":30,"timestamp":"2026-02-21T11:22:59.054778Z","chunk_index":0,"total_chunks":1,"id":"c5a6645d-68aa-4590-bc70-d398c00aeccb"}
{"message":"Daemon functionality is currently not supported on Windows.","name":"unknown","level":30,"timestamp":"2026-02-21T11:23:04.064481Z","chunk_index":0,"total_chunks":1,"id":"e36a87de-919e-47bd-a613-59641741aa20"}
{"message":"Daemon functionality is currently not supported on Windows.","name":"unknown","level":30,"timestamp":"2026-02-21T11:23:04.064481Z","chunk_index":0,"total_chunks":1,"id":"24c1a093-73ab-45f3-884b-439df246f04b"}
{"message":"Daemon functionality is currently not supported on Windows.","name":"unknown","level":30,"timestamp":"2026-02-21T11:23:04.064481Z","chunk_index":0,"total_chunks":1,"id":"df16fdc4-d326-49c6-a49b-83da857da29d"}
{"message":"Daemon functionality is currently not supported on Windows.","name":"unknown","level":30,"timestamp":"2026-02-21T11:23:04.065122Z","chunk_index":0,"total_chunks":1,"id":"5b0f915e-00a7-4e24-808f-bc4333ddc8d5"}
{"message":"Daemon functionality is currently not supported on Windows.","name":"unknown","level":30,"timestamp":"2026-02-21T11:23:04.065122Z","chunk_index":0,"total_chunks":1,"id":"5dd308f8-df5c-4fe1-9435-ed17a30799e7"}
{"message":"Daemon functionality is currently not supported on Windows.","name":"unknown","level":30,"timestamp":"2026-02-21T11:23:04.065122Z","chunk_index":0,"total_chunks":1,"id":"94b65b43-83dc-41ad-af2d-5f5d8a595498"}
{"message":"Daemon functionality is currently not supported on Windows.","name":"unknown","level":30,"timestamp":"2026-02-21T11:23:04.065122Z","chunk_index":0,"total_chunks":1,"id":"4da1af95-943a-4334-b192-a54007a618ff"}
{"message":"Daemon functionality is currently not supported on Windows.","name":"unknown","level":30,"timestamp":"2026-02-21T11:23:04.065122Z","chunk_index":0,"total_chunks":1,"id":"24405c8a-9fd5-4763-9192-18736803ed7e"}
{"message":"Daemon functionality is currently not supported on Windows.","name":"unknown","level":30,"timestamp":"2026-02-21T11:23:04.065122Z","chunk_index":0,"total_chunks":1,"id":"8dbba36a-f192-43b3-a968-e75391e10128"}
{"message":"Daemon functionality is currently not supported on Windows.","name":"unknown","level":30,"timestamp":"2026-02-21T11:23:04.065122Z","chunk_index":0,"total_chunks":1,"id":"82a915f1-e43e-4323-9595-a947424c6688"}
{"message":"Daemon functionality is currently not supported on Windows.","name":"unknown","level":30,"timestamp":"2026-02-21T11:23:09.084630Z","chunk_index":0,"total_chunks":1,"id":"ce05f385-a1ce-472c-97a4-e4b540b7959c"}
{"message":"Daemon functionality is currently not supported on Windows.","name":"unknown","level":30,"timestamp":"2026-02-21T11:23:09.084630Z","chunk_index":0,"total_chunks":1,"id":"815bcd94-a839-4de7-8387-c8d16efb712c"}
{"message":"Daemon functionality is currently not supported on Windows.","name":"unknown","level":30,"timestamp":"2026-02-21T11:23:09.084630Z","chunk_index":0,"total_chunks":1,"id":"0965b285-88e7-4674-82b2-27188ce5dc38"}
{"message":"Daemon functionality is currently not supported on Windows.","name":"unknown","level":30,"timestamp":"2026-02-21T11:23:09.084630Z","chunk_index":0,"total_chunks":1,"id":"f2d2121c-6738-409a-92c2-b74dfb0ac8da"}
{"message":"Daemon functionality is currently not supported on Windows.","name":"unknown","level":30,"timestamp":"2026-02-21T11:23:09.084630Z","chunk_index":0,"total_chunks":1,"id":"7dce9085-fda6-4bd7-a916-1e733a10e9af"}
{"message":"Daemon functionality is currently not supported on Windows.","name":"unknown","level":30,"timestamp":"2026-02-21T11:23:09.084630Z","chunk_index":0,"total_chunks":1,"id":"65d875c3-9896-4693-84aa-07b887afb7f2"}
{"message":"Daemon functionality is currently not supported on Windows.","name":"unknown","level":30,"timestamp":"2026-02-21T11:23:09.084630Z","chunk_index":0,"total_chunks":1,"id":"f3f16bd6-08c5-4966-8a08-5297958f578c"}
{"message":"Daemon functionality is currently not supported on Windows.","name":"unknown","level":30,"timestamp":"2026-02-21T11:23:09.084630Z","chunk_index":0,"total_chunks":1,"id":"952bdd7d-302e-4fb2-867f-dc8ca911c44c"}
{"message":"Daemon functionality is currently not supported on Windows.","name":"unknown","level":30,"timestamp":"2026-02-21T11:23:09.084630Z","chunk_index":0,"total_chunks":1,"id":"1efe373a-e3d5-4c13-9253-595c5ac52f97"}
{"message":"Daemon functionality is currently not supported on Windows.","name":"unknown","level":30,"timestamp":"2026-02-21T11:23:09.084630Z","chunk_index":0,"total_chunks":1,"id":"bb5bc219-3762-4c74-90a2-aac0a48f9da0"}
{"message":"Daemon functionality is currently not supported on Windows.","name":"unknown","level":30,"timestamp":"2026-02-21T11:23:14.102987Z","chunk_index":0,"total_chunks":1,"id":"1a19fc6b-668f-4de3-95ef-28e76b923128"}
{"message":"Daemon functionality is currently not supported on Windows.","name":"unknown","level":30,"timestamp":"2026-02-21T11:23:14.102987Z","chunk_index":0,"total_chunks":1,"id":"5c68e73e-b21e-4a8a-9fa9-ed4d908438a5"}
{"message":"Daemon functionality is currently not supported on Windows.","name":"unknown","level":30,"timestamp":"2026-02-21T11:23:14.102987Z","chunk_index":0,"total_chunks":1,"id":"f239152f-bad5-44a0-8ca1-a246463e3107"}
{"message":"Daemon functionality is currently not supported on Windows.","name":"unknown","level":30,"timestamp":"2026-02-21T11:23:14.102987Z","chunk_index":0,"total_chunks":1,"id":"0da0e7a7-4539-4a07-af58-dff41bddf113"}
{"message":"Daemon functionality is currently not supported on Windows.","name":"unknown","level":30,"timestamp":"2026-02-21T11:23:14.102987Z","chunk_index":0,"total_chunks":1,"id":"0907a4c6-7b59-45b3-933a-89eeffc16401"}
{"message":"Daemon functionality is currently not supported on Windows.","name":"unknown","level":30,"timestamp":"2026-02-21T11:23:14.102987Z","chunk_index":0,"total_chunks":1,"id":"4a964d90-7d96-4be7-be3e-150b98829a2c"}
{"message":"Daemon functionality is currently not supported on Windows.","name":"unknown","level":30,"timestamp":"2026-02-21T11:23:14.102987Z","chunk_index":0,"total_chunks":1,"id":"ce95b2f9-9818-49f5-be60-081a4b026af8"}
{"message":"Daemon functionality is currently not supported on Windows.","name":"unknown","level":30,"timestamp":"2026-02-21T11:23:14.102987Z","chunk_index":0,"total_chunks":1,"id":"8be7a664-9a90-44ee-af70-809a820d4792"}
{"message":"Daemon functionality is currently not supported on Windows.","name":"unknown","level":30,"timestamp":"2026-02-21T11:23:14.102987Z","chunk_index":0,"total_chunks":1,"id":"aadec296-359b-4178-a05a-bed5a168aaf5"}
{"message":"Daemon functionality is currently not supported on Windows.","name":"unknown","level":30,"timestamp":"2026-02-21T11:23:14.102987Z","chunk_index":0,"total_chunks":1,"id":"2489d0c3-cecb-4414-8a7c-92575702403e"}
{"message":"Daemon functionality is currently not supported on Windows.","name":"unknown","level":30,"timestamp":"2026-02-21T11:23:19.118950Z","chunk_index":0,"total_chunks":1,"id":"a019941e-d563-4f6c-8abe-f608112c6db9"}
{"message":"Daemon functionality is currently not supported on Windows.","name":"unknown","level":30,"timestamp":"2026-02-21T11:23:19.118950Z","chunk_index":0,"total_chunks":1,"id":"4a76beab-a8f4-49e8-b28b-8324b6164e08"}
{"message":"Daemon functionality is currently not supported on Windows.","name":"unknown","level":30,"timestamp":"2026-02-21T11:23:19.118950Z","chunk_index":0,"total_chunks":1,"id":"4679a294-2872-4bf9-999a-4bbf13bac0e3"}
{"message":"Daemon functionality is currently not supported on Windows.","name":"unknown","level":30,"timestamp":"2026-02-21T11:23:19.118950Z","chunk_index":0,"total_chunks":1,"id":"cf54cda0-cd7e-45c9-8c66-90384be856bf"}
{"message":"Daemon functionality is currently not supported on Windows.","name":"unknown","level":30,"timestamp":"2026-02-21T11:23:19.120258Z","chunk_index":0,"total_chunks":1,"id":"dc9569c8-cedf-4371-a47d-5da52c0551dd"}
{"message":"Daemon functionality is currently not supported on Windows.","name":"unknown","level":30,"timestamp":"2026-02-21T11:23:19.120258Z","chunk_index":0,"total_chunks":1,"id":"f0097dde-66b1-40a9-a2a5-0fa4d79f1d72"}
{"message":"Daemon functionality is currently not supported on Windows.","name":"unknown","level":30,"timestamp":"2026-02-21T11:23:19.120258Z","chunk_index":0,"total_chunks":1,"id":"df490100-195e-46f8-b0ac-b8f84e7e95c8"}
{"message":"Daemon functionality is currently not supported on Windows.","name":"unknown","level":30,"timestamp":"2026-02-21T11:23:19.120258Z","chunk_index":0,"total_chunks":1,"id":"e20b3f8f-4202-4660-a400-577fe20b0011"}
{"message":"Daemon functionality is currently not supported on Windows.","name":"unknown","level":30,"timestamp":"2026-02-21T11:23:19.120258Z","chunk_index":0,"total_chunks":1,"id":"ce9922c6-e873-46d8-9000-43805bb43479"}
{"message":"Daemon functionality is currently not supported on Windows.","name":"unknown","level":30,"timestamp":"2026-02-21T11:23:19.120258Z","chunk_index":0,"total_chunks":1,"id":"50fcf763-840d-4771-9645-bd8667eae420"}
{"message":"Daemon functionality is currently not supported on Windows.","name":"unknown","level":30,"timestamp":"2026-02-21T11:23:24.136117Z","chunk_index":0,"total_chunks":1,"id":"f98921cc-6db6-4104-9b3a-591ca1ea67d6"}
{"message":"Daemon functionality is currently not supported on Windows.","name":"unknown","level":30,"timestamp":"2026-02-21T11:23:24.136117Z","chunk_index":0,"total_chunks":1,"id":"c786b0d0-e5e9-4d33-9fbe-05777cfa2721"}
{"message":"Daemon functionality is currently not supported on Windows.","name":"unknown","level":30,"timestamp":"2026-02-21T11:23:24.136117Z","chunk_index":0,"total_chunks":1,"id":"e4d4e27c-b929-4925-8266-e7dc5017ae26"}
{"message":"Daemon functionality is currently not supported on Windows.","name":"unknown","level":30,"timestamp":"2026-02-21T11:23:24.136117Z","chunk_index":0,"total_chunks":1,"id":"a699845c-277c-4f1b-a632-e8d8486b3c87"}
{"message":"Daemon functionality is currently not supported on Windows.","name":"unknown","level":30,"timestamp":"2026-02-21T11:23:24.136117Z","chunk_index":0,"total_chunks":1,"id":"6b270207-0ed4-49bb-b52c-248e4a6757c3"}
{"message":"Daemon functionality is currently not supported on Windows.","name":"unknown","level":30,"timestamp":"2026-02-21T11:23:24.136117Z","chunk_index":0,"total_chunks":1,"id":"a777c588-7e24-4ab7-ab5e-e6beaccca39d"}
{"message":"Daemon functionality is currently not supported on Windows.","name":"unknown","level":30,"timestamp":"2026-02-21T11:23:24.136117Z","chunk_index":0,"total_chunks":1,"id":"9ae326e0-de90-48c7-9648-398460879f74"}
{"message":"Daemon functionality is currently not supported on Windows.","name":"unknown","level":30,"timestamp":"2026-02-21T11:23:24.136117Z","chunk_index":0,"total_chunks":1,"id":"70f73577-1777-4db4-b99e-2ed54bfae0ac"}
{"message":"Daemon functionality is currently not supported on Windows.","name":"unknown","level":30,"timestamp":"2026-02-21T11:23:24.136117Z","chunk_index":0,"total_chunks":1,"id":"7b11aae0-f953-4d86-8894-53938d1d6331"}
{"message":"Daemon functionality is currently not supported on Windows.","name":"unknown","level":30,"timestamp":"2026-02-21T11:23:24.136117Z","chunk_index":0,"total_chunks":1,"id":"bfe7f782-06f7-4ad6-ad69-5d53f6cea604"}
{"message":"Daemon functionality is currently not supported on Windows.","name":"unknown","level":30,"timestamp":"2026-02-21T11:23:29.147930Z","chunk_index":0,"total_chunks":1,"id":"9a587bd1-16fa-4da2-a9da-6a45ccb1bc9a"}
{"message":"Daemon functionality is currently not supported on Windows.","name":"unknown","level":30,"timestamp":"2026-02-21T11:23:29.147930Z","chunk_index":0,"total_chunks":1,"id":"b4f193fe-28ec-4523-9fac-2126ef1e955b"}
{"message":"Daemon functionality is currently not supported on Windows.","name":"unknown","level":30,"timestamp":"2026-02-21T11:23:29.147930Z","chunk_index":0,"total_chunks":1,"id":"4e28e5a0-c46c-4e92-a6d7-539eb6a26a0a"}
{"message":"Daemon functionality is currently not supported on Windows.","name":"unknown","level":30,"timestamp":"2026-02-21T11:23:29.147930Z","chunk_index":0,"total_chunks":1,"id":"5e019ad1-9e30-4918-86a7-0e32a5a547bd"}
{"message":"Daemon functionality is currently not supported on Windows.","name":"unknown","level":30,"timestamp":"2026-02-21T11:23:29.147930Z","chunk_index":0,"total_chunks":1,"id":"81dc81bf-fe8f-4041-8fa5-e6e56aac5939"}
{"message":"Daemon functionality is currently not supported on Windows.","name":"unknown","level":30,"timestamp":"2026-02-21T11:23:29.147930Z","chunk_index":0,"total_chunks":1,"id":"290c192b-7cc1-4330-83a4-c849cb032315"}
{"message":"Daemon functionality is currently not supported on Windows.","name":"unknown","level":30,"timestamp":"2026-02-21T11:23:29.147930Z","chunk_index":0,"total_chunks":1,"id":"ef95b37c-d3ff-4855-b220-ef7b6efee528"}
{"message":"Daemon functionality is currently not supported on Windows.","name":"unknown","level":30,"timestamp":"2026-02-21T11:23:29.147930Z","chunk_index":0,"total_chunks":1,"id":"f1ad678c-a0ce-47c1-9248-34c58f22f1f6"}
{"message":"Daemon functionality is currently not supported on Windows.","name":"unknown","level":30,"timestamp":"2026-02-21T11:23:29.147930Z","chunk_index":0,"total_chunks":1,"id":"1756cd5b-557b-4278-b0d3-7730b528d0fc"}
{"message":"Daemon functionality is currently not supported on Windows.","name":"unknown","level":30,"timestamp":"2026-02-21T11:23:29.147930Z","chunk_index":0,"total_chunks":1,"id":"0135fccf-c149-46e4-b661-038567355300"}
{"message":"Daemon functionality is currently not supported on Windows.","name":"unknown","level":30,"timestamp":"2026-02-21T11:23:34.155606Z","chunk_index":0,"total_chunks":1,"id":"64be2d58-0835-4669-82b9-8f148957ec44"}
{"message":"Daemon functionality is currently not supported on Windows.","name":"unknown","level":30,"timestamp":"2026-02-21T11:23:34.155606Z","chunk_index":0,"total_chunks":1,"id":"18777f73-c8f3-47df-92de-3f87719d6a25"}
{"message":"Daemon functionality is currently not supported on Windows.","name":"unknown","level":30,"timestamp":"2026-02-21T11:23:34.155606Z","chunk_index":0,"total_chunks":1,"id":"add19524-be39-4d2f-b6eb-40c0394f52a8"}
{"message":"Daemon functionality is currently not supported on Windows.","name":"unknown","level":30,"timestamp":"2026-02-21T11:23:34.155606Z","chunk_index":0,"total_chunks":1,"id":"b287c3ac-957d-47df-b680-e4976955c151"}
{"message":"Daemon functionality is currently not supported on Windows.","name":"unknown","level":30,"timestamp":"2026-02-21T11:23:34.155606Z","chunk_index":0,"total_chunks":1,"id":"4adb16b6-507c-4a2a-b4a9-5a6b2438350a"}
{"message":"Daemon functionality is currently not supported on Windows.","name":"unknown","level":30,"timestamp":"2026-02-21T11:23:34.155606Z","chunk_index":0,"total_chunks":1,"id":"e10dfbf8-3d1e-4dc0-bd85-514de4004496"}
{"message":"Daemon functionality is currently not supported on Windows.","name":"unknown","level":30,"timestamp":"2026-02-21T11:23:34.155606Z","chunk_index":0,"total_chunks":1,"id":"cf9890a2-204c-4181-97f5-892935e3e733"}
{"message":"Daemon functionality is currently not supported on Windows.","name":"unknown","level":30,"timestamp":"2026-02-21T11:23:34.155606Z","chunk_index":0,"total_chunks":1,"id":"c67f8f25-4d5f-4855-ab78-c9ac8a9fa5fe"}
{"message":"Daemon functionality is currently not supported on Windows.","name":"unknown","level":30,"timestamp":"2026-02-21T11:23:34.155606Z","chunk_index":0,"total_chunks":1,"id":"6b4144d6-8128-4aee-8d8b-ea080fd97dfc"}
{"message":"Daemon functionality is currently not supported on Windows.","name":"unknown","level":30,"timestamp":"2026-02-21T11:23:34.155606Z","chunk_index":0,"total_chunks":1,"id":"9dc18dc6-f430-453f-a01d-1f463aca30a7"}
{"message":"Daemon functionality is currently not supported on Windows.","name":"unknown","level":30,"timestamp":"2026-02-21T11:23:36.105820Z","chunk_index":0,"total_chunks":1,"id":"bc9b4614-ed1d-4f6d-8cea-25b7b2730c09"}
{"message":"Daemon functionality is currently not supported on Windows.","name":"unknown","level":30,"timestamp":"2026-02-21T11:23:36.105820Z","chunk_index":0,"total_chunks":1,"id":"2b5b6134-b1c4-4938-87c3-92d68b9280cb"}
{"message":"Received signal shutdown 2. Requesting shutdown for step 'mlflow_model_deployer_step'...","name":"unknown","level":20,"timestamp":"2026-02-21T11:23:36.105820Z","chunk_index":0,"total_chunks":1,"id":"4c15dea7-2ac0-4e8f-bffe-3410d941b785"}
{"message":"Received signal shutdown 2. Requesting shutdown for step 'model_building_step'...","name":"unknown","level":20,"timestamp":"2026-02-21T11:23:36.105820Z","chunk_index":0,"total_chunks":1,"id":"9e875172-ca44-40ba-b08b-d63159157b96"}
{"message":"\r⠧ Starting service 'MLFlowDeploymentService[53a9e26f-62d9-4bab-8dde-328f0571dbc5] (type: model-serving, flavor: mlflow)'.","name":"unknown","level":20,"timestamp":"2026-02-21T11:23:36.105820Z","chunk_index":0,"total_chunks":1,"id":"945e9815-4cfd-4086-b2fb-56902d6501c7"}
{"message":"An exception has occurred.","name":"unknown","level":40,"timestamp":"2026-02-21T11:23:36.105820Z","chunk_index":0,"total_chunks":1,"id":"3c7f3f52-ff76-44da-aa31-e484ffa8a811"}
