{"message":"","name":"unknown","level":20,"timestamp":"2026-02-21T11:41:20.973125Z","chunk_index":0,"total_chunks":1,"id":"8c0cccd0-5e55-453f-bd0e-4195b49eea2c"}
{"message":"Daemon functionality is currently not supported on Windows.","name":"unknown","level":30,"timestamp":"2026-02-21T11:41:20.973125Z","chunk_index":0,"total_chunks":1,"id":"cf2e4c87-2fdf-4fd8-bc0b-5fb55dfc23b2"}
{"message":"Daemon functionality is currently not supported on Windows.","name":"unknown","level":30,"timestamp":"2026-02-21T11:41:20.973125Z","chunk_index":0,"total_chunks":1,"id":"bd109492-eb67-49d3-88b8-89ebaa219e95"}
{"message":"Daemon process for service 'MLFlowDeploymentService[a561751f-0f44-4cc7-a3f2-fa355fabf66c] (type: model-serving, flavor: mlflow)' failed to start.","name":"unknown","level":40,"timestamp":"2026-02-21T11:41:20.973125Z","chunk_index":0,"total_chunks":1,"id":"28196d2d-c031-48bb-8355-6e050109a7dc"}
{"message":"Daemon functionality is currently not supported on Windows.","name":"unknown","level":30,"timestamp":"2026-02-21T11:41:20.973125Z","chunk_index":0,"total_chunks":1,"id":"c724eb48-cf12-4faf-bedf-ea2f234c3c2e"}
{"message":"Daemon functionality is currently not supported on Windows.","name":"unknown","level":30,"timestamp":"2026-02-21T11:41:20.973125Z","chunk_index":0,"total_chunks":1,"id":"0c160ed3-8852-4a3d-8fa0-36dc94cb9850"}
{"message":"Daemon functionality is currently not supported on Windows.","name":"unknown","level":30,"timestamp":"2026-02-21T11:41:20.973125Z","chunk_index":0,"total_chunks":1,"id":"4f623821-3dc6-4e6a-a633-fb0b69c47434"}
{"message":"Daemon functionality is currently not supported on Windows.","name":"unknown","level":30,"timestamp":"2026-02-21T11:41:20.973125Z","chunk_index":0,"total_chunks":1,"id":"5cc39288-917f-4f5e-96c5-8ecc3aff1f19"}
{"message":"Daemon functionality is currently not supported on Windows.","name":"unknown","level":30,"timestamp":"2026-02-21T11:41:20.973125Z","chunk_index":0,"total_chunks":1,"id":"3de89348-498f-45bb-8c99-51b9cb3b3b7c"}
{"message":"Daemon functionality is currently not supported on Windows.","name":"unknown","level":30,"timestamp":"2026-02-21T11:41:20.973125Z","chunk_index":0,"total_chunks":1,"id":"e69ca980-34f6-4830-a74a-39587c8b0537"}
{"message":"Daemon functionality is currently not supported on Windows.","name":"unknown","level":30,"timestamp":"2026-02-21T11:41:25.984170Z","chunk_index":0,"total_chunks":1,"id":"cdbe08b9-73e7-4d4c-a5c5-161c14e48d8c"}
{"message":"Daemon functionality is currently not supported on Windows.","name":"unknown","level":30,"timestamp":"2026-02-21T11:41:25.984929Z","chunk_index":0,"total_chunks":1,"id":"7480b6f3-5b15-4d1f-8c20-75f1971fb421"}
{"message":"Daemon functionality is currently not supported on Windows.","name":"unknown","level":30,"timestamp":"2026-02-21T11:41:25.984929Z","chunk_index":0,"total_chunks":1,"id":"19377f38-2099-46e1-8d53-e41770c5f6aa"}
{"message":"Daemon functionality is currently not supported on Windows.","name":"unknown","level":30,"timestamp":"2026-02-21T11:41:25.984929Z","chunk_index":0,"total_chunks":1,"id":"891960c4-d35a-4ccd-9a22-84a872d1ccda"}
{"message":"Daemon functionality is currently not supported on Windows.","name":"unknown","level":30,"timestamp":"2026-02-21T11:41:25.984929Z","chunk_index":0,"total_chunks":1,"id":"de6d0989-0b5d-401f-b475-ec3a164009cd"}
{"message":"Daemon functionality is currently not supported on Windows.","name":"unknown","level":30,"timestamp":"2026-02-21T11:41:25.984929Z","chunk_index":0,"total_chunks":1,"id":"9c3026a1-3a32-45e5-937c-6e055e7acba5"}
{"message":"Daemon functionality is currently not supported on Windows.","name":"unknown","level":30,"timestamp":"2026-02-21T11:41:25.984929Z","chunk_index":0,"total_chunks":1,"id":"785fab82-c6a9-4d7c-98f7-1d171fc6560a"}
{"message":"Daemon functionality is currently not supported on Windows.","name":"unknown","level":30,"timestamp":"2026-02-21T11:41:25.984929Z","chunk_index":0,"total_chunks":1,"id":"94805ccc-d365-4b03-abe9-22f26e83214f"}
{"message":"Daemon functionality is currently not supported on Windows.","name":"unknown","level":30,"timestamp":"2026-02-21T11:41:30.132457Z","chunk_index":0,"total_chunks":1,"id":"492419fc-1a0c-4548-acb9-a375b2948e19"}
{"message":"Daemon functionality is currently not supported on Windows.","name":"unknown","level":30,"timestamp":"2026-02-21T11:41:30.132457Z","chunk_index":0,"total_chunks":1,"id":"fdac9d32-6eb8-4698-aa87-3697477003d0"}
{"message":"Daemon functionality is currently not supported on Windows.","name":"unknown","level":30,"timestamp":"2026-02-21T11:41:30.132457Z","chunk_index":0,"total_chunks":1,"id":"2802ba68-e02b-4945-8777-3d3b131e3a20"}
{"message":"Daemon functionality is currently not supported on Windows.","name":"unknown","level":30,"timestamp":"2026-02-21T11:41:30.132457Z","chunk_index":0,"total_chunks":1,"id":"c4451bb3-8d01-4b1a-97aa-6a0d5031dad0"}
{"message":"Daemon functionality is currently not supported on Windows.","name":"unknown","level":30,"timestamp":"2026-02-21T11:41:30.132457Z","chunk_index":0,"total_chunks":1,"id":"dfd51400-b1f6-4615-9838-56396c15c4dd"}
{"message":"Daemon functionality is currently not supported on Windows.","name":"unknown","level":30,"timestamp":"2026-02-21T11:41:30.132457Z","chunk_index":0,"total_chunks":1,"id":"e5113320-185f-43d3-b714-71676fb74e86"}
{"message":"Daemon functionality is currently not supported on Windows.","name":"unknown","level":30,"timestamp":"2026-02-21T11:41:30.132457Z","chunk_index":0,"total_chunks":1,"id":"c7dd1684-4fd0-4c19-be58-5409655f8272"}
{"message":"Daemon functionality is currently not supported on Windows.","name":"unknown","level":30,"timestamp":"2026-02-21T11:41:30.132457Z","chunk_index":0,"total_chunks":1,"id":"7462b409-c2f1-403d-99f2-9b7381a08420"}
{"message":"Daemon functionality is currently not supported on Windows.","name":"unknown","level":30,"timestamp":"2026-02-21T11:41:30.132457Z","chunk_index":0,"total_chunks":1,"id":"a2d5024b-e4e6-4198-934b-8ecaf376cc4c"}
{"message":"Timed out waiting for service MLFlowDeploymentService[a561751f-0f44-4cc7-a3f2-fa355fabf66c] (type: model-serving, flavor: mlflow) to become active:\n  Administrative state: `active`\n  Operational state: `inactive`\n  Last status message: 'service daemon is not running'\nFor more information on the service status, please see the following log file: C:\\Users\\Santosh\\AppData\\Roaming\\zenml\\local_stores\\acfca795-9fd0-467b-9733-efbd4c78a058\\a561751f-0f44-4cc7-a3f2-fa355fabf66c\\service.log","name":"unknown","level":40,"timestamp":"2026-02-21T11:41:30.132457Z","chunk_index":0,"total_chunks":1,"id":"fe15814d-de28-4868-a6e3-33549aeb7846"}
{"message":"Daemon functionality is currently not supported on Windows.","name":"unknown","level":30,"timestamp":"2026-02-21T11:41:30.132457Z","chunk_index":0,"total_chunks":1,"id":"b4ceb40d-5793-486e-9d28-7ab182ecfdfb"}
{"message":"Failed to start service MLFlowDeploymentService[a561751f-0f44-4cc7-a3f2-fa355fabf66c] (type: model-serving, flavor: mlflow)\n  Administrative state: `active`\n  Operational state: `inactive`\n  Last status message: 'service daemon is not running'\nFor more information on the service status, please see the following log file: C:\\Users\\Santosh\\AppData\\Roaming\\zenml\\local_stores\\acfca795-9fd0-467b-9733-efbd4c78a058\\a561751f-0f44-4cc7-a3f2-fa355fabf66c\\service.log","name":"unknown","level":40,"timestamp":"2026-02-21T11:41:30.132457Z","chunk_index":0,"total_chunks":1,"id":"51e38e0e-c934-4f8a-94c8-cf1b9850e787"}
{"message":"\r⠋ Starting service 'MLFlowDeploymentService (type: model-serving, flavor: mlflow)'.","name":"unknown","level":20,"timestamp":"2026-02-21T11:41:30.132457Z","chunk_index":0,"total_chunks":1,"id":"d7857c64-2aaa-45b3-9318-286c3d0c9815"}
{"message":"Daemon functionality is currently not supported on Windows.","name":"unknown","level":30,"timestamp":"2026-02-21T11:41:30.132457Z","chunk_index":0,"total_chunks":1,"id":"4f241041-1a04-4219-9e5e-e0f5642c4823"}
{"message":"An exception has occurred.\nException: MLflow prediction service is not running. Please start the service before making predictions.\nTraceback (most recent call last):\n  File \"C:\\Users\\Santosh\\Desktop\\ML-Project-Deployment\\MLOPS\\House-Price-prediction-End-to-End-Project\\.venv\\lib\\site-packages\\zenml\\orchestrators\\step_runner.py\", line 296, in run\n    raise step_exception\n  File \"C:\\Users\\Santosh\\Desktop\\ML-Project-Deployment\\MLOPS\\House-Price-prediction-End-to-End-Project\\.venv\\lib\\site-packages\\zenml\\orchestrators\\step_runner.py\", line 245, in run\n    return_values = step_instance.call_entrypoint(\n  File \"C:\\Users\\Santosh\\Desktop\\ML-Project-Deployment\\MLOPS\\House-Price-prediction-End-to-End-Project\\.venv\\lib\\site-packages\\zenml\\steps\\base_step.py\", line 701, in call_entrypoint\n    return self.entrypoint(**validated_args)\n  File \"C:\\Users\\Santosh\\Desktop\\ML-Project-Deployment\\MLOPS\\House-Price-prediction-End-to-End-Project\\steps\\predictor.py\", line 64, in predictor\n    predicton = service.predict(data_array)\n  File \"C:\\Users\\Santosh\\Desktop\\ML-Project-Deployment\\MLOPS\\House-Price-prediction-End-to-End-Project\\.venv\\lib\\site-packages\\zenml\\integrations\\mlflow\\services\\mlflow_deployment.py\", line 301, in predict\n    raise Exception(\nException: MLflow prediction service is not running. Please start the service before making predictions.","name":"unknown","level":40,"timestamp":"2026-02-21T11:41:30.132457Z","chunk_index":0,"total_chunks":1,"id":"f2daf7f1-734a-4d31-8a27-441e74a4ae05"}
