{"message":"Deploying model server for model with the following configuration: {'type': 'zenml.integrations.mlflow.services.mlflow_deployment.MLFlowDeploymentConfig', 'name': '', 'description': '', 'pipeline_name': 'continuous_deploymnet_pipeline', 'pipeline_step_name': 'mlflow_model_deployer_step', 'model_name': 'model', 'model_version': '', 'service_name': 'zenml-model', 'silent_daemon': False, 'root_runtime_path': None, 'singleton': False, 'blocking': False, 'model_uri': 'file:C:\\\\Users\\\\Santosh\\\\Desktop\\\\ML-Project-Deployment\\\\MLOPS\\\\House-Price-prediction-End-to-End-Project\\\\artifacts\\\\mlruns/645014528431196974/58c82eb535f94210a96136596da32085/artifacts/model', 'registry_model_name': None, 'registry_model_version': None, 'registry_model_stage': None, 'workers': 3, 'mlserver': False, 'timeout': 60}","name":"unknown","level":20,"timestamp":"2026-02-21T11:24:50.183664Z","chunk_index":0,"total_chunks":1,"id":"db468db9-5e66-4100-8ac1-89cc4f090d5b"}
{"message":"","name":"unknown","level":20,"timestamp":"2026-02-21T11:24:50.183664Z","chunk_index":0,"total_chunks":1,"id":"7d07f609-c50b-4c0f-8205-e0e7177e4e9a"}
{"message":"Daemon functionality is currently not supported on Windows.","name":"unknown","level":30,"timestamp":"2026-02-21T11:24:50.183664Z","chunk_index":0,"total_chunks":1,"id":"a5c573b7-cc0d-426f-9029-cdb71c9265a6"}
{"message":"Daemon process for service 'MLFlowDeploymentService[ad94678e-801c-437a-a6f7-13b8393f68cc] (type: model-serving, flavor: mlflow)' failed to start.","name":"unknown","level":40,"timestamp":"2026-02-21T11:24:50.183664Z","chunk_index":0,"total_chunks":1,"id":"43752ce9-7b74-4d91-8968-7b900254a03b"}
{"message":"Daemon functionality is currently not supported on Windows.","name":"unknown","level":30,"timestamp":"2026-02-21T11:24:50.183664Z","chunk_index":0,"total_chunks":1,"id":"491fc71c-ac82-4bdb-a060-fb594e54f724"}
{"message":"Daemon functionality is currently not supported on Windows.","name":"unknown","level":30,"timestamp":"2026-02-21T11:24:50.183664Z","chunk_index":0,"total_chunks":1,"id":"940ab736-b932-45e5-990f-5a4fcf34b3be"}
{"message":"Daemon functionality is currently not supported on Windows.","name":"unknown","level":30,"timestamp":"2026-02-21T11:24:50.183664Z","chunk_index":0,"total_chunks":1,"id":"b9b4c7ce-d9ad-4fb9-9730-b3a11618fa12"}
{"message":"Daemon functionality is currently not supported on Windows.","name":"unknown","level":30,"timestamp":"2026-02-21T11:24:50.183664Z","chunk_index":0,"total_chunks":1,"id":"ddf9830b-5c82-439f-bc95-feb17e94ddd2"}
{"message":"Daemon functionality is currently not supported on Windows.","name":"unknown","level":30,"timestamp":"2026-02-21T11:24:50.183664Z","chunk_index":0,"total_chunks":1,"id":"9c408ddb-e8e9-4a92-9f18-76b1d3546d13"}
{"message":"Daemon functionality is currently not supported on Windows.","name":"unknown","level":30,"timestamp":"2026-02-21T11:24:50.183664Z","chunk_index":0,"total_chunks":1,"id":"e5c5acb1-435e-4c9b-b7b8-a1478ace2cbd"}
{"message":"Daemon functionality is currently not supported on Windows.","name":"unknown","level":30,"timestamp":"2026-02-21T11:24:55.200060Z","chunk_index":0,"total_chunks":1,"id":"29f1fde7-e464-4f4d-b953-9ed5153a24ec"}
{"message":"Daemon functionality is currently not supported on Windows.","name":"unknown","level":30,"timestamp":"2026-02-21T11:24:55.200060Z","chunk_index":0,"total_chunks":1,"id":"19417d25-edf1-4154-896e-b70933a7b026"}
{"message":"Daemon functionality is currently not supported on Windows.","name":"unknown","level":30,"timestamp":"2026-02-21T11:24:55.200060Z","chunk_index":0,"total_chunks":1,"id":"466adce2-d7c2-488e-89dc-80a84ba7f997"}
{"message":"Daemon functionality is currently not supported on Windows.","name":"unknown","level":30,"timestamp":"2026-02-21T11:24:55.200060Z","chunk_index":0,"total_chunks":1,"id":"f595f6ff-8c0a-4dd4-a3d8-7e3a3145c6b7"}
{"message":"Daemon functionality is currently not supported on Windows.","name":"unknown","level":30,"timestamp":"2026-02-21T11:24:55.200060Z","chunk_index":0,"total_chunks":1,"id":"26d4ad8e-68c0-4e40-bd76-8d6f9914690c"}
{"message":"Daemon functionality is currently not supported on Windows.","name":"unknown","level":30,"timestamp":"2026-02-21T11:24:55.200060Z","chunk_index":0,"total_chunks":1,"id":"188c6554-2e14-478c-82aa-db44eab00414"}
{"message":"Daemon functionality is currently not supported on Windows.","name":"unknown","level":30,"timestamp":"2026-02-21T11:24:55.200060Z","chunk_index":0,"total_chunks":1,"id":"d743c2cf-e51e-4097-836a-492cc2c9a039"}
{"message":"Daemon functionality is currently not supported on Windows.","name":"unknown","level":30,"timestamp":"2026-02-21T11:24:55.200060Z","chunk_index":0,"total_chunks":1,"id":"a95e5cda-7af9-436c-a5e5-c19c4f2913f2"}
{"message":"Daemon functionality is currently not supported on Windows.","name":"unknown","level":30,"timestamp":"2026-02-21T11:24:55.200060Z","chunk_index":0,"total_chunks":1,"id":"f688e1c7-f398-41f7-8943-1937ecbed580"}
{"message":"Daemon functionality is currently not supported on Windows.","name":"unknown","level":30,"timestamp":"2026-02-21T11:24:55.200060Z","chunk_index":0,"total_chunks":1,"id":"08af0ee0-5718-4dc5-b293-9d79cf8af2a1"}
{"message":"Daemon functionality is currently not supported on Windows.","name":"unknown","level":30,"timestamp":"2026-02-21T11:25:00.210044Z","chunk_index":0,"total_chunks":1,"id":"39ee145d-7138-4db8-8e6c-42c450d4b9a9"}
{"message":"Daemon functionality is currently not supported on Windows.","name":"unknown","level":30,"timestamp":"2026-02-21T11:25:00.210044Z","chunk_index":0,"total_chunks":1,"id":"ac440a67-b6e2-402d-afd8-e663bc22fdb9"}
{"message":"Daemon functionality is currently not supported on Windows.","name":"unknown","level":30,"timestamp":"2026-02-21T11:25:00.210044Z","chunk_index":0,"total_chunks":1,"id":"ecd9db12-4289-4395-9022-f8c4c97d94ee"}
{"message":"Daemon functionality is currently not supported on Windows.","name":"unknown","level":30,"timestamp":"2026-02-21T11:25:00.210044Z","chunk_index":0,"total_chunks":1,"id":"e18af71a-161b-4aed-af71-96f76b9f0cf8"}
{"message":"Daemon functionality is currently not supported on Windows.","name":"unknown","level":30,"timestamp":"2026-02-21T11:25:00.210044Z","chunk_index":0,"total_chunks":1,"id":"77e82c84-5a46-461f-9861-4c053e751408"}
{"message":"Daemon functionality is currently not supported on Windows.","name":"unknown","level":30,"timestamp":"2026-02-21T11:25:00.210044Z","chunk_index":0,"total_chunks":1,"id":"dadbdfe3-6c80-4d3f-9ee4-4d44b1f51aa8"}
{"message":"Daemon functionality is currently not supported on Windows.","name":"unknown","level":30,"timestamp":"2026-02-21T11:25:00.210044Z","chunk_index":0,"total_chunks":1,"id":"a3616b68-b5a2-46bf-ab67-8f3c3bb8e706"}
{"message":"Daemon functionality is currently not supported on Windows.","name":"unknown","level":30,"timestamp":"2026-02-21T11:25:00.210044Z","chunk_index":0,"total_chunks":1,"id":"7fa71206-a7ce-4268-9bef-a930221244cc"}
{"message":"Daemon functionality is currently not supported on Windows.","name":"unknown","level":30,"timestamp":"2026-02-21T11:25:05.213348Z","chunk_index":0,"total_chunks":1,"id":"a05ba835-8ae7-4e9f-985e-b882f8741f6f"}
{"message":"Daemon functionality is currently not supported on Windows.","name":"unknown","level":30,"timestamp":"2026-02-21T11:25:05.213348Z","chunk_index":0,"total_chunks":1,"id":"14fa7eae-d37e-4d52-ad9a-2b3dd9cc6032"}
{"message":"Daemon functionality is currently not supported on Windows.","name":"unknown","level":30,"timestamp":"2026-02-21T11:25:05.213348Z","chunk_index":0,"total_chunks":1,"id":"3567c539-2f4b-46ac-81f1-93230cb7c3f4"}
{"message":"Daemon functionality is currently not supported on Windows.","name":"unknown","level":30,"timestamp":"2026-02-21T11:25:05.213348Z","chunk_index":0,"total_chunks":1,"id":"def5f5e7-ac71-4b4d-b747-0117eaf74669"}
{"message":"Daemon functionality is currently not supported on Windows.","name":"unknown","level":30,"timestamp":"2026-02-21T11:25:05.213348Z","chunk_index":0,"total_chunks":1,"id":"08dc4382-85f4-4967-88d7-232e04342525"}
{"message":"Daemon functionality is currently not supported on Windows.","name":"unknown","level":30,"timestamp":"2026-02-21T11:25:05.213348Z","chunk_index":0,"total_chunks":1,"id":"9ed18311-29aa-44e9-b270-77566f4c45e4"}
{"message":"Daemon functionality is currently not supported on Windows.","name":"unknown","level":30,"timestamp":"2026-02-21T11:25:05.213348Z","chunk_index":0,"total_chunks":1,"id":"b8f457a2-17de-4667-b8ab-1a282c821a6f"}
{"message":"Daemon functionality is currently not supported on Windows.","name":"unknown","level":30,"timestamp":"2026-02-21T11:25:05.213348Z","chunk_index":0,"total_chunks":1,"id":"88efc441-daec-4882-94aa-699ae5217eee"}
{"message":"Daemon functionality is currently not supported on Windows.","name":"unknown","level":30,"timestamp":"2026-02-21T11:25:05.213348Z","chunk_index":0,"total_chunks":1,"id":"eda5294a-6184-4fef-b7f2-eba6b97c889b"}
{"message":"Daemon functionality is currently not supported on Windows.","name":"unknown","level":30,"timestamp":"2026-02-21T11:25:05.213348Z","chunk_index":0,"total_chunks":1,"id":"569f818c-bfb6-4ab9-83d9-ed07e72a908a"}
{"message":"Daemon functionality is currently not supported on Windows.","name":"unknown","level":30,"timestamp":"2026-02-21T11:25:10.219207Z","chunk_index":0,"total_chunks":1,"id":"81f8160d-1ea4-4b68-bde5-60d0c5d7ee42"}
{"message":"Daemon functionality is currently not supported on Windows.","name":"unknown","level":30,"timestamp":"2026-02-21T11:25:10.219207Z","chunk_index":0,"total_chunks":1,"id":"a862614c-057c-4dbc-a396-53a22237875e"}
{"message":"Daemon functionality is currently not supported on Windows.","name":"unknown","level":30,"timestamp":"2026-02-21T11:25:10.219207Z","chunk_index":0,"total_chunks":1,"id":"e544e9b6-7707-46bd-a791-07af64af0ec8"}
{"message":"Daemon functionality is currently not supported on Windows.","name":"unknown","level":30,"timestamp":"2026-02-21T11:25:10.219207Z","chunk_index":0,"total_chunks":1,"id":"d0d5caa0-c1c4-432d-88b2-12bbd0439745"}
{"message":"Daemon functionality is currently not supported on Windows.","name":"unknown","level":30,"timestamp":"2026-02-21T11:25:10.219207Z","chunk_index":0,"total_chunks":1,"id":"0b5ec3ee-5481-4203-a5c2-88902ff79b9a"}
{"message":"Daemon functionality is currently not supported on Windows.","name":"unknown","level":30,"timestamp":"2026-02-21T11:25:10.219207Z","chunk_index":0,"total_chunks":1,"id":"9faf56b6-9d3e-4d0d-93a1-a0b30589b07e"}
{"message":"Daemon functionality is currently not supported on Windows.","name":"unknown","level":30,"timestamp":"2026-02-21T11:25:10.219207Z","chunk_index":0,"total_chunks":1,"id":"be64eae2-6b42-4713-a410-4e034d055681"}
{"message":"Daemon functionality is currently not supported on Windows.","name":"unknown","level":30,"timestamp":"2026-02-21T11:25:10.219207Z","chunk_index":0,"total_chunks":1,"id":"ed2caa19-3858-4c51-bbbb-847b2937a265"}
{"message":"Daemon functionality is currently not supported on Windows.","name":"unknown","level":30,"timestamp":"2026-02-21T11:25:10.219207Z","chunk_index":0,"total_chunks":1,"id":"345badc1-4230-4965-9526-19cc2c28090b"}
{"message":"Daemon functionality is currently not supported on Windows.","name":"unknown","level":30,"timestamp":"2026-02-21T11:25:10.219207Z","chunk_index":0,"total_chunks":1,"id":"e814a78f-5acd-441b-a117-af3c38a1dbd5"}
{"message":"Daemon functionality is currently not supported on Windows.","name":"unknown","level":30,"timestamp":"2026-02-21T11:25:15.225349Z","chunk_index":0,"total_chunks":1,"id":"4a0e95f2-9fda-452d-86a0-1db6d77183a8"}
{"message":"Daemon functionality is currently not supported on Windows.","name":"unknown","level":30,"timestamp":"2026-02-21T11:25:15.225349Z","chunk_index":0,"total_chunks":1,"id":"347f8bd1-1e0e-4df9-9de8-36fbb9106413"}
{"message":"Daemon functionality is currently not supported on Windows.","name":"unknown","level":30,"timestamp":"2026-02-21T11:25:15.225349Z","chunk_index":0,"total_chunks":1,"id":"0c5c648e-4406-45b0-818c-742a1b6fd251"}
{"message":"Daemon functionality is currently not supported on Windows.","name":"unknown","level":30,"timestamp":"2026-02-21T11:25:15.225349Z","chunk_index":0,"total_chunks":1,"id":"0cfe44eb-890d-419c-9487-d7d57cf7cdfc"}
{"message":"Daemon functionality is currently not supported on Windows.","name":"unknown","level":30,"timestamp":"2026-02-21T11:25:15.225349Z","chunk_index":0,"total_chunks":1,"id":"03458a61-d47e-4642-96ee-afcb8cfc5243"}
{"message":"Daemon functionality is currently not supported on Windows.","name":"unknown","level":30,"timestamp":"2026-02-21T11:25:15.225349Z","chunk_index":0,"total_chunks":1,"id":"53c08361-f646-4fcf-8531-5d6c09ad2f72"}
{"message":"Daemon functionality is currently not supported on Windows.","name":"unknown","level":30,"timestamp":"2026-02-21T11:25:15.225349Z","chunk_index":0,"total_chunks":1,"id":"8a9155fe-7d5f-42bc-b0b8-b8e9ea532653"}
{"message":"Daemon functionality is currently not supported on Windows.","name":"unknown","level":30,"timestamp":"2026-02-21T11:25:15.225349Z","chunk_index":0,"total_chunks":1,"id":"5813db70-9712-4752-94a9-bdff48e04cdb"}
{"message":"Daemon functionality is currently not supported on Windows.","name":"unknown","level":30,"timestamp":"2026-02-21T11:25:15.225349Z","chunk_index":0,"total_chunks":1,"id":"6e799483-e442-40b1-adbd-bc27e8c2cedc"}
{"message":"Daemon functionality is currently not supported on Windows.","name":"unknown","level":30,"timestamp":"2026-02-21T11:25:15.225349Z","chunk_index":0,"total_chunks":1,"id":"d3ed36af-1ee1-4300-a03b-d8d7ee9d6a92"}
{"message":"Daemon functionality is currently not supported on Windows.","name":"unknown","level":30,"timestamp":"2026-02-21T11:25:20.232117Z","chunk_index":0,"total_chunks":1,"id":"c6235878-e2f2-42de-ad98-bad4a4c2fe42"}
{"message":"Daemon functionality is currently not supported on Windows.","name":"unknown","level":30,"timestamp":"2026-02-21T11:25:20.232117Z","chunk_index":0,"total_chunks":1,"id":"d0c7b6e7-3936-4b07-9df8-6bb5a39ceb89"}
{"message":"Daemon functionality is currently not supported on Windows.","name":"unknown","level":30,"timestamp":"2026-02-21T11:25:20.232117Z","chunk_index":0,"total_chunks":1,"id":"0ae49008-8c3d-4d3c-bad7-d3bbfdc15ad1"}
{"message":"Daemon functionality is currently not supported on Windows.","name":"unknown","level":30,"timestamp":"2026-02-21T11:25:20.232117Z","chunk_index":0,"total_chunks":1,"id":"affa9821-7498-4525-b77b-6e49757f5dd7"}
{"message":"Daemon functionality is currently not supported on Windows.","name":"unknown","level":30,"timestamp":"2026-02-21T11:25:20.232117Z","chunk_index":0,"total_chunks":1,"id":"5677b219-010f-4c77-a7b0-fdbc9a5304ca"}
{"message":"Daemon functionality is currently not supported on Windows.","name":"unknown","level":30,"timestamp":"2026-02-21T11:25:20.232117Z","chunk_index":0,"total_chunks":1,"id":"28255ef4-0ab9-4add-81a9-9cbcf8cde883"}
{"message":"Daemon functionality is currently not supported on Windows.","name":"unknown","level":30,"timestamp":"2026-02-21T11:25:20.232117Z","chunk_index":0,"total_chunks":1,"id":"4a0c5a92-b9aa-4c1c-8dd3-826e788b26da"}
{"message":"Daemon functionality is currently not supported on Windows.","name":"unknown","level":30,"timestamp":"2026-02-21T11:25:20.232117Z","chunk_index":0,"total_chunks":1,"id":"662650e8-d846-4472-ac48-3a3937734135"}
{"message":"Daemon functionality is currently not supported on Windows.","name":"unknown","level":30,"timestamp":"2026-02-21T11:25:20.232117Z","chunk_index":0,"total_chunks":1,"id":"9056bc2d-610b-4151-ba8c-7abdc79d175e"}
{"message":"Daemon functionality is currently not supported on Windows.","name":"unknown","level":30,"timestamp":"2026-02-21T11:25:20.232117Z","chunk_index":0,"total_chunks":1,"id":"4da098a7-9b4d-49d5-8f94-d680d6ba67c6"}
{"message":"Daemon functionality is currently not supported on Windows.","name":"unknown","level":30,"timestamp":"2026-02-21T11:25:25.243843Z","chunk_index":0,"total_chunks":1,"id":"1bfa2004-e7f1-47bb-81f0-2484bae61fa3"}
{"message":"Daemon functionality is currently not supported on Windows.","name":"unknown","level":30,"timestamp":"2026-02-21T11:25:25.243843Z","chunk_index":0,"total_chunks":1,"id":"c7227f27-43e4-4a1f-81a2-a43282f0f965"}
{"message":"Daemon functionality is currently not supported on Windows.","name":"unknown","level":30,"timestamp":"2026-02-21T11:25:25.243843Z","chunk_index":0,"total_chunks":1,"id":"a6079fe5-9531-4382-b6b3-209703e255d4"}
{"message":"Daemon functionality is currently not supported on Windows.","name":"unknown","level":30,"timestamp":"2026-02-21T11:25:25.243843Z","chunk_index":0,"total_chunks":1,"id":"a9c6030b-193a-4eef-8793-46070bcfc5bc"}
{"message":"Daemon functionality is currently not supported on Windows.","name":"unknown","level":30,"timestamp":"2026-02-21T11:25:25.243843Z","chunk_index":0,"total_chunks":1,"id":"7c8446bd-7742-43e1-927a-2dc84fda369b"}
{"message":"Daemon functionality is currently not supported on Windows.","name":"unknown","level":30,"timestamp":"2026-02-21T11:25:25.243843Z","chunk_index":0,"total_chunks":1,"id":"b360b3ed-80c2-4337-a5a9-1d8be35e316d"}
{"message":"Daemon functionality is currently not supported on Windows.","name":"unknown","level":30,"timestamp":"2026-02-21T11:25:25.243843Z","chunk_index":0,"total_chunks":1,"id":"d0781259-1bb7-48d8-9eaf-64446c118da4"}
{"message":"Daemon functionality is currently not supported on Windows.","name":"unknown","level":30,"timestamp":"2026-02-21T11:25:25.243843Z","chunk_index":0,"total_chunks":1,"id":"a3da5840-cd03-4cf9-b8b8-0d0e89e1b63f"}
{"message":"Daemon functionality is currently not supported on Windows.","name":"unknown","level":30,"timestamp":"2026-02-21T11:25:25.243843Z","chunk_index":0,"total_chunks":1,"id":"d75165e6-2035-4052-b2e4-86c6cef6179e"}
{"message":"Daemon functionality is currently not supported on Windows.","name":"unknown","level":30,"timestamp":"2026-02-21T11:25:25.243843Z","chunk_index":0,"total_chunks":1,"id":"002e8d13-f4a4-4a06-bfd6-538d377ebcb7"}
{"message":"Daemon functionality is currently not supported on Windows.","name":"unknown","level":30,"timestamp":"2026-02-21T11:25:30.252083Z","chunk_index":0,"total_chunks":1,"id":"813282bd-b0ae-4e47-b843-8f6d187b8639"}
{"message":"Daemon functionality is currently not supported on Windows.","name":"unknown","level":30,"timestamp":"2026-02-21T11:25:30.252083Z","chunk_index":0,"total_chunks":1,"id":"74c4c5e4-cf57-4af0-9e62-aa2a0ee7e6ef"}
{"message":"Daemon functionality is currently not supported on Windows.","name":"unknown","level":30,"timestamp":"2026-02-21T11:25:30.252083Z","chunk_index":0,"total_chunks":1,"id":"3aad7770-42cb-4166-8b40-2d11cf85a1fd"}
{"message":"Daemon functionality is currently not supported on Windows.","name":"unknown","level":30,"timestamp":"2026-02-21T11:25:30.252083Z","chunk_index":0,"total_chunks":1,"id":"ef146490-bf80-4560-9472-c1a1e36625ce"}
{"message":"Daemon functionality is currently not supported on Windows.","name":"unknown","level":30,"timestamp":"2026-02-21T11:25:30.252083Z","chunk_index":0,"total_chunks":1,"id":"55de3d64-5aa6-4030-87bd-b818279c621e"}
{"message":"Daemon functionality is currently not supported on Windows.","name":"unknown","level":30,"timestamp":"2026-02-21T11:25:30.252083Z","chunk_index":0,"total_chunks":1,"id":"3a3aa5b0-08ec-46a2-aaa2-f63e404d6a71"}
{"message":"Daemon functionality is currently not supported on Windows.","name":"unknown","level":30,"timestamp":"2026-02-21T11:25:30.252083Z","chunk_index":0,"total_chunks":1,"id":"8dcce474-2607-4136-8443-53a6fcec6972"}
{"message":"Daemon functionality is currently not supported on Windows.","name":"unknown","level":30,"timestamp":"2026-02-21T11:25:30.252083Z","chunk_index":0,"total_chunks":1,"id":"c4df695b-a8b2-40c2-9f45-2cf8041967bc"}
{"message":"Daemon functionality is currently not supported on Windows.","name":"unknown","level":30,"timestamp":"2026-02-21T11:25:30.252083Z","chunk_index":0,"total_chunks":1,"id":"857ba9ab-f466-41c9-82f8-c725b9fb56fc"}
{"message":"Daemon functionality is currently not supported on Windows.","name":"unknown","level":30,"timestamp":"2026-02-21T11:25:30.252083Z","chunk_index":0,"total_chunks":1,"id":"3db21ddf-db75-43cf-84a6-b43f4e75ad89"}
{"message":"Daemon functionality is currently not supported on Windows.","name":"unknown","level":30,"timestamp":"2026-02-21T11:25:35.258739Z","chunk_index":0,"total_chunks":1,"id":"01589d52-2e49-48be-abf2-3a1dea5d7e64"}
{"message":"Daemon functionality is currently not supported on Windows.","name":"unknown","level":30,"timestamp":"2026-02-21T11:25:35.258739Z","chunk_index":0,"total_chunks":1,"id":"d4c8126c-f9e2-445d-ad78-c22ff2372772"}
{"message":"Daemon functionality is currently not supported on Windows.","name":"unknown","level":30,"timestamp":"2026-02-21T11:25:35.258739Z","chunk_index":0,"total_chunks":1,"id":"d8684b5d-14b5-4bca-ad6f-f39908cf01cd"}
{"message":"Daemon functionality is currently not supported on Windows.","name":"unknown","level":30,"timestamp":"2026-02-21T11:25:35.258739Z","chunk_index":0,"total_chunks":1,"id":"e005cb59-1e8c-4939-a56f-5809e803e68c"}
{"message":"Daemon functionality is currently not supported on Windows.","name":"unknown","level":30,"timestamp":"2026-02-21T11:25:35.258739Z","chunk_index":0,"total_chunks":1,"id":"808f455f-82d4-4f1e-ad63-b7056badd74b"}
{"message":"Daemon functionality is currently not supported on Windows.","name":"unknown","level":30,"timestamp":"2026-02-21T11:25:35.258739Z","chunk_index":0,"total_chunks":1,"id":"fed2a18f-aff7-4295-adba-5d5e247342a1"}
{"message":"Daemon functionality is currently not supported on Windows.","name":"unknown","level":30,"timestamp":"2026-02-21T11:25:35.258739Z","chunk_index":0,"total_chunks":1,"id":"fc546db6-df6a-4eb0-90aa-afd8447a371e"}
{"message":"Daemon functionality is currently not supported on Windows.","name":"unknown","level":30,"timestamp":"2026-02-21T11:25:35.258739Z","chunk_index":0,"total_chunks":1,"id":"0ceeb763-91ee-46c0-9625-ae03b7824866"}
{"message":"Daemon functionality is currently not supported on Windows.","name":"unknown","level":30,"timestamp":"2026-02-21T11:25:35.258739Z","chunk_index":0,"total_chunks":1,"id":"5521b969-0e25-45ea-a946-8f6e5306f2b0"}
{"message":"Daemon functionality is currently not supported on Windows.","name":"unknown","level":30,"timestamp":"2026-02-21T11:25:35.258739Z","chunk_index":0,"total_chunks":1,"id":"50fae629-d927-4121-8fac-3869f314c80f"}
{"message":"Received signal shutdown 2. Requesting shutdown for step 'mlflow_model_deployer_step'...","name":"unknown","level":20,"timestamp":"2026-02-21T11:25:35.258739Z","chunk_index":0,"total_chunks":1,"id":"411a04c2-4a05-4f86-aec6-e9fd720e2e78"}
{"message":"Received signal shutdown 2. Requesting shutdown for step 'model_building_step'...","name":"unknown","level":20,"timestamp":"2026-02-21T11:25:35.258739Z","chunk_index":0,"total_chunks":1,"id":"539798e0-b051-462d-b0df-ee84fb3e1dc5"}
{"message":"\r⠋ Starting service 'MLFlowDeploymentService (type: model-serving, flavor: mlflow)'.","name":"unknown","level":20,"timestamp":"2026-02-21T11:25:35.258739Z","chunk_index":0,"total_chunks":1,"id":"84cd677d-90b0-47bf-a812-33f2889d61cb"}
{"message":"An exception has occurred.","name":"unknown","level":40,"timestamp":"2026-02-21T11:25:35.258739Z","chunk_index":0,"total_chunks":1,"id":"a96ffcaa-8858-4908-91de-bf6dea7560ef"}
