{"message":"","name":"unknown","level":20,"timestamp":"2026-02-21T12:31:18.520298Z","chunk_index":0,"total_chunks":1,"id":"6ca681de-3435-4afb-8243-af03576120e5"}
{"message":"Daemon functionality is currently not supported on Windows.","name":"unknown","level":30,"timestamp":"2026-02-21T12:31:18.520298Z","chunk_index":0,"total_chunks":1,"id":"529629b8-ffea-4314-a27f-7a4b4d21f8ca"}
{"message":"Daemon functionality is currently not supported on Windows.","name":"unknown","level":30,"timestamp":"2026-02-21T12:31:23.545518Z","chunk_index":0,"total_chunks":1,"id":"b41084da-4564-48e3-aed0-c6ecaf1f29d3"}
{"message":"Daemon process for service 'MLFlowDeploymentService[a561751f-0f44-4cc7-a3f2-fa355fabf66c] (type: model-serving, flavor: mlflow)' failed to start.","name":"unknown","level":40,"timestamp":"2026-02-21T12:31:23.545518Z","chunk_index":0,"total_chunks":1,"id":"4d259dbc-2dae-4b79-92d0-7cf9e61e48a4"}
{"message":"Daemon functionality is currently not supported on Windows.","name":"unknown","level":30,"timestamp":"2026-02-21T12:31:23.545518Z","chunk_index":0,"total_chunks":1,"id":"1b339893-52d3-431c-8e36-2956b886fdb2"}
{"message":"Daemon functionality is currently not supported on Windows.","name":"unknown","level":30,"timestamp":"2026-02-21T12:31:23.545518Z","chunk_index":0,"total_chunks":1,"id":"7fae72b0-1962-4a63-ae5d-dc0b24e4b3ae"}
{"message":"Daemon functionality is currently not supported on Windows.","name":"unknown","level":30,"timestamp":"2026-02-21T12:31:23.545518Z","chunk_index":0,"total_chunks":1,"id":"a36e8188-8377-42da-b38d-0461e3f1cd54"}
{"message":"Daemon functionality is currently not supported on Windows.","name":"unknown","level":30,"timestamp":"2026-02-21T12:31:23.545518Z","chunk_index":0,"total_chunks":1,"id":"42c22173-b602-4879-9dd1-522591e8a4cb"}
{"message":"Daemon functionality is currently not supported on Windows.","name":"unknown","level":30,"timestamp":"2026-02-21T12:31:23.545518Z","chunk_index":0,"total_chunks":1,"id":"743d1a3c-31f8-4eed-ad58-6b9a53cf7c68"}
{"message":"Daemon functionality is currently not supported on Windows.","name":"unknown","level":30,"timestamp":"2026-02-21T12:31:23.545518Z","chunk_index":0,"total_chunks":1,"id":"e1dc27c8-4179-4af1-bf67-6689caf37b09"}
{"message":"Daemon functionality is currently not supported on Windows.","name":"unknown","level":30,"timestamp":"2026-02-21T12:31:23.545518Z","chunk_index":0,"total_chunks":1,"id":"a8988698-e85e-4272-ac04-6f9b93dddb15"}
{"message":"Daemon functionality is currently not supported on Windows.","name":"unknown","level":30,"timestamp":"2026-02-21T12:31:23.545518Z","chunk_index":0,"total_chunks":1,"id":"32c29f00-a951-4ea2-aab4-ba6f486243ed"}
{"message":"Daemon functionality is currently not supported on Windows.","name":"unknown","level":30,"timestamp":"2026-02-21T12:31:23.545518Z","chunk_index":0,"total_chunks":1,"id":"a2b7f987-6efd-4c32-859a-91bbb9211fa3"}
{"message":"Daemon functionality is currently not supported on Windows.","name":"unknown","level":30,"timestamp":"2026-02-21T12:31:23.545518Z","chunk_index":0,"total_chunks":1,"id":"5658cb5f-5863-4b7a-be0c-69314d996a1c"}
{"message":"Daemon functionality is currently not supported on Windows.","name":"unknown","level":30,"timestamp":"2026-02-21T12:31:28.563405Z","chunk_index":0,"total_chunks":1,"id":"21cf676c-910d-4cd7-8104-315fe4c58244"}
{"message":"Daemon functionality is currently not supported on Windows.","name":"unknown","level":30,"timestamp":"2026-02-21T12:31:28.563405Z","chunk_index":0,"total_chunks":1,"id":"99f11d89-b745-4a50-b77f-dea706a79935"}
{"message":"Daemon functionality is currently not supported on Windows.","name":"unknown","level":30,"timestamp":"2026-02-21T12:31:28.563405Z","chunk_index":0,"total_chunks":1,"id":"885688bc-c343-4340-9543-b8d3dff56a8e"}
{"message":"Daemon functionality is currently not supported on Windows.","name":"unknown","level":30,"timestamp":"2026-02-21T12:31:28.563405Z","chunk_index":0,"total_chunks":1,"id":"ea93f199-46cf-402f-a930-d1ada0c9ecd9"}
{"message":"Daemon functionality is currently not supported on Windows.","name":"unknown","level":30,"timestamp":"2026-02-21T12:31:28.563405Z","chunk_index":0,"total_chunks":1,"id":"cac1ca09-bb6f-41a5-bedf-0ec8c20ecd22"}
{"message":"Daemon functionality is currently not supported on Windows.","name":"unknown","level":30,"timestamp":"2026-02-21T12:31:28.563405Z","chunk_index":0,"total_chunks":1,"id":"be4d506c-022f-40dc-8b46-26f23c43de3d"}
{"message":"Daemon functionality is currently not supported on Windows.","name":"unknown","level":30,"timestamp":"2026-02-21T12:31:28.563405Z","chunk_index":0,"total_chunks":1,"id":"c90fe497-8cf1-4e5c-be78-0843a6f8d7c1"}
{"message":"Daemon functionality is currently not supported on Windows.","name":"unknown","level":30,"timestamp":"2026-02-21T12:31:28.563405Z","chunk_index":0,"total_chunks":1,"id":"c3c9faba-1936-4613-80ce-c5f8a9f3e528"}
{"message":"Daemon functionality is currently not supported on Windows.","name":"unknown","level":30,"timestamp":"2026-02-21T12:31:28.563405Z","chunk_index":0,"total_chunks":1,"id":"0d1d1a9d-0ce2-42b5-a328-2847fd79a1df"}
{"message":"Daemon functionality is currently not supported on Windows.","name":"unknown","level":30,"timestamp":"2026-02-21T12:31:28.563405Z","chunk_index":0,"total_chunks":1,"id":"98577763-6a7f-4c5c-a307-08554e3c8214"}
{"message":"Daemon functionality is currently not supported on Windows.","name":"unknown","level":30,"timestamp":"2026-02-21T12:31:30.534931Z","chunk_index":0,"total_chunks":1,"id":"0fb065c4-4006-46f1-978b-1220be72125e"}
{"message":"Daemon functionality is currently not supported on Windows.","name":"unknown","level":30,"timestamp":"2026-02-21T12:31:30.534931Z","chunk_index":0,"total_chunks":1,"id":"e0ba0bc7-9f83-4551-b6af-496e7d873fb0"}
{"message":"Daemon functionality is currently not supported on Windows.","name":"unknown","level":30,"timestamp":"2026-02-21T12:31:30.534931Z","chunk_index":0,"total_chunks":1,"id":"88884aae-d316-4dbb-939c-dfa564299a77"}
{"message":"Timed out waiting for service MLFlowDeploymentService[a561751f-0f44-4cc7-a3f2-fa355fabf66c] (type: model-serving, flavor: mlflow) to become active:\n  Administrative state: `active`\n  Operational state: `inactive`\n  Last status message: 'service daemon is not running'\nFor more information on the service status, please see the following log file: C:\\Users\\Santosh\\AppData\\Roaming\\zenml\\local_stores\\acfca795-9fd0-467b-9733-efbd4c78a058\\a561751f-0f44-4cc7-a3f2-fa355fabf66c\\service.log","name":"unknown","level":40,"timestamp":"2026-02-21T12:31:30.534931Z","chunk_index":0,"total_chunks":1,"id":"9c2b040b-766b-42be-bca6-5cdfa5609728"}
{"message":"Daemon functionality is currently not supported on Windows.","name":"unknown","level":30,"timestamp":"2026-02-21T12:31:30.534931Z","chunk_index":0,"total_chunks":1,"id":"18b558a3-f2a5-4a06-b7d2-f692bbf04853"}
{"message":"Failed to start service MLFlowDeploymentService[a561751f-0f44-4cc7-a3f2-fa355fabf66c] (type: model-serving, flavor: mlflow)\n  Administrative state: `active`\n  Operational state: `inactive`\n  Last status message: 'service daemon is not running'\nFor more information on the service status, please see the following log file: C:\\Users\\Santosh\\AppData\\Roaming\\zenml\\local_stores\\acfca795-9fd0-467b-9733-efbd4c78a058\\a561751f-0f44-4cc7-a3f2-fa355fabf66c\\service.log","name":"unknown","level":40,"timestamp":"2026-02-21T12:31:30.534931Z","chunk_index":0,"total_chunks":1,"id":"a580d8ad-23be-44b7-843b-ba26f746a4b4"}
{"message":"\r⠴ Starting service 'MLFlowDeploymentService (type: model-serving, flavor: mlflow)'.","name":"unknown","level":20,"timestamp":"2026-02-21T12:31:30.534931Z","chunk_index":0,"total_chunks":1,"id":"d7025595-ec71-4ebd-b39b-43f102780582"}
{"message":"Daemon functionality is currently not supported on Windows.","name":"unknown","level":30,"timestamp":"2026-02-21T12:31:30.534931Z","chunk_index":0,"total_chunks":1,"id":"2126c3a3-48cc-49ef-a8fd-01b51917b46f"}
{"message":"An exception has occurred.\nException: MLflow prediction service is not running. Please start the service before making predictions.\nTraceback (most recent call last):\n  File \"C:\\Users\\Santosh\\Desktop\\ML-Project-Deployment\\MLOPS\\House-Price-prediction-End-to-End-Project\\.venv\\lib\\site-packages\\zenml\\orchestrators\\step_runner.py\", line 296, in run\n    raise step_exception\n  File \"C:\\Users\\Santosh\\Desktop\\ML-Project-Deployment\\MLOPS\\House-Price-prediction-End-to-End-Project\\.venv\\lib\\site-packages\\zenml\\orchestrators\\step_runner.py\", line 245, in run\n    return_values = step_instance.call_entrypoint(\n  File \"C:\\Users\\Santosh\\Desktop\\ML-Project-Deployment\\MLOPS\\House-Price-prediction-End-to-End-Project\\.venv\\lib\\site-packages\\zenml\\steps\\base_step.py\", line 701, in call_entrypoint\n    return self.entrypoint(**validated_args)\n  File \"C:\\Users\\Santosh\\Desktop\\ML-Project-Deployment\\MLOPS\\House-Price-prediction-End-to-End-Project\\steps\\predictor.py\", line 64, in predictor\n    predicton = service.predict(data_array)\n  File \"C:\\Users\\Santosh\\Desktop\\ML-Project-Deployment\\MLOPS\\House-Price-prediction-End-to-End-Project\\.venv\\lib\\site-packages\\zenml\\integrations\\mlflow\\services\\mlflow_deployment.py\", line 301, in predict\n    raise Exception(\nException: MLflow prediction service is not running. Please start the service before making predictions.","name":"unknown","level":40,"timestamp":"2026-02-21T12:31:30.534931Z","chunk_index":0,"total_chunks":1,"id":"5eca13e1-1e80-4b4d-8fe4-d8af821d032c"}
