{"message":"","name":"unknown","level":20,"timestamp":"2026-02-21T11:44:14.846432Z","chunk_index":0,"total_chunks":1,"id":"548373c4-e8ba-49a0-8908-4bafd9c82848"}
{"message":"Daemon functionality is currently not supported on Windows.","name":"unknown","level":30,"timestamp":"2026-02-21T11:44:14.846432Z","chunk_index":0,"total_chunks":1,"id":"02e98da2-1d63-4be0-ba50-1f9dbe8ba05a"}
{"message":"Daemon functionality is currently not supported on Windows.","name":"unknown","level":30,"timestamp":"2026-02-21T11:44:19.858873Z","chunk_index":0,"total_chunks":1,"id":"6403bc8f-65bf-476d-9330-d2c8da0ebc36"}
{"message":"Daemon process for service 'MLFlowDeploymentService[a561751f-0f44-4cc7-a3f2-fa355fabf66c] (type: model-serving, flavor: mlflow)' failed to start.","name":"unknown","level":40,"timestamp":"2026-02-21T11:44:19.858873Z","chunk_index":0,"total_chunks":1,"id":"560a83aa-e3fc-4e4e-ac31-aeb5ea0336d4"}
{"message":"Daemon functionality is currently not supported on Windows.","name":"unknown","level":30,"timestamp":"2026-02-21T11:44:19.858873Z","chunk_index":0,"total_chunks":1,"id":"e1ee7467-d478-46ed-9ba3-f46a60d65cb2"}
{"message":"Daemon functionality is currently not supported on Windows.","name":"unknown","level":30,"timestamp":"2026-02-21T11:44:19.858873Z","chunk_index":0,"total_chunks":1,"id":"179066e8-b220-45de-8018-eeb5af7b8aa0"}
{"message":"Daemon functionality is currently not supported on Windows.","name":"unknown","level":30,"timestamp":"2026-02-21T11:44:19.858873Z","chunk_index":0,"total_chunks":1,"id":"4ce0391a-c2aa-4e62-9d13-2607ff3d26a1"}
{"message":"Daemon functionality is currently not supported on Windows.","name":"unknown","level":30,"timestamp":"2026-02-21T11:44:19.858873Z","chunk_index":0,"total_chunks":1,"id":"f7f25a70-37f2-4707-9488-34adc17337ca"}
{"message":"Daemon functionality is currently not supported on Windows.","name":"unknown","level":30,"timestamp":"2026-02-21T11:44:19.858873Z","chunk_index":0,"total_chunks":1,"id":"45e3903f-c466-4893-b29c-5db8f041b86c"}
{"message":"Daemon functionality is currently not supported on Windows.","name":"unknown","level":30,"timestamp":"2026-02-21T11:44:19.858873Z","chunk_index":0,"total_chunks":1,"id":"0e343544-672c-4784-b8dc-166ad9ade050"}
{"message":"Daemon functionality is currently not supported on Windows.","name":"unknown","level":30,"timestamp":"2026-02-21T11:44:24.867573Z","chunk_index":0,"total_chunks":1,"id":"baa56509-6c6c-4b15-aac9-171755f84d77"}
{"message":"Daemon functionality is currently not supported on Windows.","name":"unknown","level":30,"timestamp":"2026-02-21T11:44:24.867573Z","chunk_index":0,"total_chunks":1,"id":"1390427c-2f4c-43c7-9590-489631811d57"}
{"message":"Daemon functionality is currently not supported on Windows.","name":"unknown","level":30,"timestamp":"2026-02-21T11:44:24.867573Z","chunk_index":0,"total_chunks":1,"id":"8713ee52-83cd-482a-878f-13a4b72750b6"}
{"message":"Daemon functionality is currently not supported on Windows.","name":"unknown","level":30,"timestamp":"2026-02-21T11:44:24.867573Z","chunk_index":0,"total_chunks":1,"id":"f412f517-c423-47f3-8c6b-cff5ee092961"}
{"message":"Daemon functionality is currently not supported on Windows.","name":"unknown","level":30,"timestamp":"2026-02-21T11:44:24.867573Z","chunk_index":0,"total_chunks":1,"id":"18a1d45e-940b-4f4c-9fcd-bcf47cb3e999"}
{"message":"Daemon functionality is currently not supported on Windows.","name":"unknown","level":30,"timestamp":"2026-02-21T11:44:24.867573Z","chunk_index":0,"total_chunks":1,"id":"0bbcf131-a17d-4305-a26c-53431ae70338"}
{"message":"Daemon functionality is currently not supported on Windows.","name":"unknown","level":30,"timestamp":"2026-02-21T11:44:24.867573Z","chunk_index":0,"total_chunks":1,"id":"807d04bd-851d-48f6-bf22-92e4a01adefd"}
{"message":"Daemon functionality is currently not supported on Windows.","name":"unknown","level":30,"timestamp":"2026-02-21T11:44:24.869575Z","chunk_index":0,"total_chunks":1,"id":"24fb913f-9602-4d0a-b00c-89bf061442c0"}
{"message":"Daemon functionality is currently not supported on Windows.","name":"unknown","level":30,"timestamp":"2026-02-21T11:44:24.869575Z","chunk_index":0,"total_chunks":1,"id":"3acf7f87-2e50-4c67-ab24-f05a59852c22"}
{"message":"Daemon functionality is currently not supported on Windows.","name":"unknown","level":30,"timestamp":"2026-02-21T11:44:24.869575Z","chunk_index":0,"total_chunks":1,"id":"ec9ca496-4d97-43de-b6a0-03ec10bdf5e6"}
{"message":"Daemon functionality is currently not supported on Windows.","name":"unknown","level":30,"timestamp":"2026-02-21T11:44:28.024857Z","chunk_index":0,"total_chunks":1,"id":"a89e6cf4-2fa2-4c31-882b-e4e021355d38"}
{"message":"Daemon functionality is currently not supported on Windows.","name":"unknown","level":30,"timestamp":"2026-02-21T11:44:28.024857Z","chunk_index":0,"total_chunks":1,"id":"6aa5a66f-f808-4468-8b36-c8ea168fda09"}
{"message":"Daemon functionality is currently not supported on Windows.","name":"unknown","level":30,"timestamp":"2026-02-21T11:44:28.024857Z","chunk_index":0,"total_chunks":1,"id":"2f1352f7-6c2c-4407-af7c-4a38308f0154"}
{"message":"Daemon functionality is currently not supported on Windows.","name":"unknown","level":30,"timestamp":"2026-02-21T11:44:28.024857Z","chunk_index":0,"total_chunks":1,"id":"65e2a303-4ad2-4d54-ab67-186eba570a3e"}
{"message":"Daemon functionality is currently not supported on Windows.","name":"unknown","level":30,"timestamp":"2026-02-21T11:44:28.024857Z","chunk_index":0,"total_chunks":1,"id":"4039344b-c726-4192-99bc-c05501d3f886"}
{"message":"Daemon functionality is currently not supported on Windows.","name":"unknown","level":30,"timestamp":"2026-02-21T11:44:28.024857Z","chunk_index":0,"total_chunks":1,"id":"ae02c62d-03cf-421f-9697-891abe4383ae"}
{"message":"Daemon functionality is currently not supported on Windows.","name":"unknown","level":30,"timestamp":"2026-02-21T11:44:28.024857Z","chunk_index":0,"total_chunks":1,"id":"d840f3e9-f7c5-4a96-a7c3-7a81ed6b7df1"}
{"message":"Timed out waiting for service MLFlowDeploymentService[a561751f-0f44-4cc7-a3f2-fa355fabf66c] (type: model-serving, flavor: mlflow) to become active:\n  Administrative state: `active`\n  Operational state: `inactive`\n  Last status message: 'service daemon is not running'\nFor more information on the service status, please see the following log file: C:\\Users\\Santosh\\AppData\\Roaming\\zenml\\local_stores\\acfca795-9fd0-467b-9733-efbd4c78a058\\a561751f-0f44-4cc7-a3f2-fa355fabf66c\\service.log","name":"unknown","level":40,"timestamp":"2026-02-21T11:44:28.024857Z","chunk_index":0,"total_chunks":1,"id":"15a8108a-e344-4b25-9457-58d296888d43"}
{"message":"Daemon functionality is currently not supported on Windows.","name":"unknown","level":30,"timestamp":"2026-02-21T11:44:28.024857Z","chunk_index":0,"total_chunks":1,"id":"20ba37ee-520a-4dbf-943f-68cdab0bdf89"}
{"message":"Failed to start service MLFlowDeploymentService[a561751f-0f44-4cc7-a3f2-fa355fabf66c] (type: model-serving, flavor: mlflow)\n  Administrative state: `active`\n  Operational state: `inactive`\n  Last status message: 'service daemon is not running'\nFor more information on the service status, please see the following log file: C:\\Users\\Santosh\\AppData\\Roaming\\zenml\\local_stores\\acfca795-9fd0-467b-9733-efbd4c78a058\\a561751f-0f44-4cc7-a3f2-fa355fabf66c\\service.log","name":"unknown","level":40,"timestamp":"2026-02-21T11:44:28.024857Z","chunk_index":0,"total_chunks":1,"id":"e407f05d-5449-4761-944b-a6a36b8ff8c3"}
{"message":"\r⠇ Starting service 'MLFlowDeploymentService (type: model-serving, flavor: mlflow)'.","name":"unknown","level":20,"timestamp":"2026-02-21T11:44:28.024857Z","chunk_index":0,"total_chunks":1,"id":"84c73163-523d-4599-9d34-ba6957ddc676"}
{"message":"Daemon functionality is currently not supported on Windows.","name":"unknown","level":30,"timestamp":"2026-02-21T11:44:28.024857Z","chunk_index":0,"total_chunks":1,"id":"ad14177d-953f-45fe-a0ce-47d7b453e546"}
{"message":"An exception has occurred.\nException: MLflow prediction service is not running. Please start the service before making predictions.\nTraceback (most recent call last):\n  File \"C:\\Users\\Santosh\\Desktop\\ML-Project-Deployment\\MLOPS\\House-Price-prediction-End-to-End-Project\\.venv\\lib\\site-packages\\zenml\\orchestrators\\step_runner.py\", line 296, in run\n    raise step_exception\n  File \"C:\\Users\\Santosh\\Desktop\\ML-Project-Deployment\\MLOPS\\House-Price-prediction-End-to-End-Project\\.venv\\lib\\site-packages\\zenml\\orchestrators\\step_runner.py\", line 245, in run\n    return_values = step_instance.call_entrypoint(\n  File \"C:\\Users\\Santosh\\Desktop\\ML-Project-Deployment\\MLOPS\\House-Price-prediction-End-to-End-Project\\.venv\\lib\\site-packages\\zenml\\steps\\base_step.py\", line 701, in call_entrypoint\n    return self.entrypoint(**validated_args)\n  File \"C:\\Users\\Santosh\\Desktop\\ML-Project-Deployment\\MLOPS\\House-Price-prediction-End-to-End-Project\\steps\\predictor.py\", line 64, in predictor\n    predicton = service.predict(data_array)\n  File \"C:\\Users\\Santosh\\Desktop\\ML-Project-Deployment\\MLOPS\\House-Price-prediction-End-to-End-Project\\.venv\\lib\\site-packages\\zenml\\integrations\\mlflow\\services\\mlflow_deployment.py\", line 301, in predict\n    raise Exception(\nException: MLflow prediction service is not running. Please start the service before making predictions.","name":"unknown","level":40,"timestamp":"2026-02-21T11:44:28.024857Z","chunk_index":0,"total_chunks":1,"id":"67c48873-4f36-4164-a217-e1a521e0b6af"}
