{"message":"Deploying model server for model with the following configuration: {'type': 'zenml.integrations.mlflow.services.mlflow_deployment.MLFlowDeploymentConfig', 'name': '', 'description': '', 'pipeline_name': 'continuous_deploymnet_pipeline', 'pipeline_step_name': 'mlflow_model_deployer_step', 'model_name': 'model', 'model_version': '', 'service_name': 'zenml-model', 'silent_daemon': False, 'root_runtime_path': None, 'singleton': False, 'blocking': False, 'model_uri': 'file:C:\\\\Users\\\\Santosh\\\\Desktop\\\\ML-Project-Deployment\\\\MLOPS\\\\House-Price-prediction-End-to-End-Project\\\\artifacts\\\\mlruns/645014528431196974/2cdf30141c6244fbb9ce51d36b4684e7/artifacts/model', 'registry_model_name': None, 'registry_model_version': None, 'registry_model_stage': None, 'workers': 3, 'mlserver': False, 'timeout': 60}","name":"unknown","level":20,"timestamp":"2026-02-21T11:29:30.917800Z","chunk_index":0,"total_chunks":1,"id":"8e565177-3200-4e7d-a000-8a8d35caa4ec"}
{"message":"","name":"unknown","level":20,"timestamp":"2026-02-21T11:29:30.917800Z","chunk_index":0,"total_chunks":1,"id":"59e9ff78-b228-4914-8bd6-4d5a0384ed17"}
{"message":"Daemon functionality is currently not supported on Windows.","name":"unknown","level":30,"timestamp":"2026-02-21T11:29:35.940465Z","chunk_index":0,"total_chunks":1,"id":"5e75b72d-3e2b-4ad7-9c0e-60b9baaaf7f8"}
{"message":"Daemon process for service 'MLFlowDeploymentService[861891b4-463d-4a94-864b-37cabe7d0beb] (type: model-serving, flavor: mlflow)' failed to start.","name":"unknown","level":40,"timestamp":"2026-02-21T11:29:35.940465Z","chunk_index":0,"total_chunks":1,"id":"bb0f65ea-637e-492a-87a6-4dbce623b511"}
{"message":"Daemon functionality is currently not supported on Windows.","name":"unknown","level":30,"timestamp":"2026-02-21T11:29:35.940465Z","chunk_index":0,"total_chunks":1,"id":"1b463b41-cb42-46d4-ba71-8b5d28373869"}
{"message":"Daemon functionality is currently not supported on Windows.","name":"unknown","level":30,"timestamp":"2026-02-21T11:29:35.940465Z","chunk_index":0,"total_chunks":1,"id":"5cccd2b6-965f-4d7e-a837-2cbf88db3ed5"}
{"message":"Daemon functionality is currently not supported on Windows.","name":"unknown","level":30,"timestamp":"2026-02-21T11:29:35.940465Z","chunk_index":0,"total_chunks":1,"id":"d7d418e7-19d6-45ca-a835-71d583e65aa1"}
{"message":"Daemon functionality is currently not supported on Windows.","name":"unknown","level":30,"timestamp":"2026-02-21T11:29:35.940465Z","chunk_index":0,"total_chunks":1,"id":"035700d9-1b02-417f-9e43-ff6d5a081c8b"}
{"message":"Daemon functionality is currently not supported on Windows.","name":"unknown","level":30,"timestamp":"2026-02-21T11:29:35.940465Z","chunk_index":0,"total_chunks":1,"id":"83c8cc66-4ad6-4501-b02d-b50e88df27f9"}
{"message":"Daemon functionality is currently not supported on Windows.","name":"unknown","level":30,"timestamp":"2026-02-21T11:29:35.940465Z","chunk_index":0,"total_chunks":1,"id":"cfbce1c1-7270-41a1-a805-0c59e71c31bd"}
{"message":"Daemon functionality is currently not supported on Windows.","name":"unknown","level":30,"timestamp":"2026-02-21T11:29:35.940465Z","chunk_index":0,"total_chunks":1,"id":"f1964df7-b2ac-4487-b8ac-f234bba03e45"}
{"message":"Daemon functionality is currently not supported on Windows.","name":"unknown","level":30,"timestamp":"2026-02-21T11:29:35.940465Z","chunk_index":0,"total_chunks":1,"id":"da9779bf-1e88-4e2f-bdf3-78678189e3df"}
{"message":"Daemon functionality is currently not supported on Windows.","name":"unknown","level":30,"timestamp":"2026-02-21T11:29:40.952579Z","chunk_index":0,"total_chunks":1,"id":"aa12d445-c706-4267-bfc3-2a26bd19c0e1"}
{"message":"Daemon functionality is currently not supported on Windows.","name":"unknown","level":30,"timestamp":"2026-02-21T11:29:40.952579Z","chunk_index":0,"total_chunks":1,"id":"202b8e90-e1fc-4827-afc1-8bcf47883a8f"}
{"message":"Daemon functionality is currently not supported on Windows.","name":"unknown","level":30,"timestamp":"2026-02-21T11:29:40.952579Z","chunk_index":0,"total_chunks":1,"id":"605a5283-effe-4668-acfc-113e748e6d2a"}
{"message":"Daemon functionality is currently not supported on Windows.","name":"unknown","level":30,"timestamp":"2026-02-21T11:29:40.952579Z","chunk_index":0,"total_chunks":1,"id":"ac417715-62b6-47fd-8bdc-2db864266984"}
{"message":"Daemon functionality is currently not supported on Windows.","name":"unknown","level":30,"timestamp":"2026-02-21T11:29:40.952579Z","chunk_index":0,"total_chunks":1,"id":"dfe3dc38-d185-4b11-bfc2-0717717e4f6e"}
{"message":"Daemon functionality is currently not supported on Windows.","name":"unknown","level":30,"timestamp":"2026-02-21T11:29:40.952579Z","chunk_index":0,"total_chunks":1,"id":"6613e3d0-a75f-476f-9f4d-678b8ae97fd5"}
{"message":"Daemon functionality is currently not supported on Windows.","name":"unknown","level":30,"timestamp":"2026-02-21T11:29:40.952579Z","chunk_index":0,"total_chunks":1,"id":"5e78763c-5e7d-4a8e-b671-a6c26facc4b9"}
{"message":"Daemon functionality is currently not supported on Windows.","name":"unknown","level":30,"timestamp":"2026-02-21T11:29:40.952579Z","chunk_index":0,"total_chunks":1,"id":"ae5a1ca0-7c7e-411c-a265-fbe59e08d91a"}
{"message":"Daemon functionality is currently not supported on Windows.","name":"unknown","level":30,"timestamp":"2026-02-21T11:29:40.952579Z","chunk_index":0,"total_chunks":1,"id":"697651b0-133c-48cb-80bb-7f65521548db"}
{"message":"Daemon functionality is currently not supported on Windows.","name":"unknown","level":30,"timestamp":"2026-02-21T11:29:40.952579Z","chunk_index":0,"total_chunks":1,"id":"7c75440f-8c69-44cd-8d3d-7bf843593d75"}
{"message":"Daemon functionality is currently not supported on Windows.","name":"unknown","level":30,"timestamp":"2026-02-21T11:29:45.969512Z","chunk_index":0,"total_chunks":1,"id":"a1ba3e22-57eb-4d88-a61b-5fd5ce2150f6"}
{"message":"Daemon functionality is currently not supported on Windows.","name":"unknown","level":30,"timestamp":"2026-02-21T11:29:45.969512Z","chunk_index":0,"total_chunks":1,"id":"65709336-ace2-4520-8b34-34e6d51736de"}
{"message":"Daemon functionality is currently not supported on Windows.","name":"unknown","level":30,"timestamp":"2026-02-21T11:29:45.969512Z","chunk_index":0,"total_chunks":1,"id":"647e56cd-5e23-45aa-9a66-625d57e19733"}
{"message":"Daemon functionality is currently not supported on Windows.","name":"unknown","level":30,"timestamp":"2026-02-21T11:29:45.969512Z","chunk_index":0,"total_chunks":1,"id":"5f5dd3ac-a1cd-4240-ad48-f864cfab6dc9"}
{"message":"Daemon functionality is currently not supported on Windows.","name":"unknown","level":30,"timestamp":"2026-02-21T11:29:45.969512Z","chunk_index":0,"total_chunks":1,"id":"7b85de38-1193-4fcd-96a0-3add692afebd"}
{"message":"Daemon functionality is currently not supported on Windows.","name":"unknown","level":30,"timestamp":"2026-02-21T11:29:45.969512Z","chunk_index":0,"total_chunks":1,"id":"adce8bc0-b821-4a7b-ac75-e9b4e6c45d96"}
{"message":"Daemon functionality is currently not supported on Windows.","name":"unknown","level":30,"timestamp":"2026-02-21T11:29:45.969512Z","chunk_index":0,"total_chunks":1,"id":"aad87b68-758e-49af-b4be-a7bb212d0207"}
{"message":"Daemon functionality is currently not supported on Windows.","name":"unknown","level":30,"timestamp":"2026-02-21T11:29:45.969512Z","chunk_index":0,"total_chunks":1,"id":"8b4255c2-950f-4abb-9686-728d30772079"}
{"message":"Daemon functionality is currently not supported on Windows.","name":"unknown","level":30,"timestamp":"2026-02-21T11:29:45.969512Z","chunk_index":0,"total_chunks":1,"id":"a7afbbeb-666b-4d7e-b229-f92df99b2381"}
{"message":"Daemon functionality is currently not supported on Windows.","name":"unknown","level":30,"timestamp":"2026-02-21T11:29:45.969512Z","chunk_index":0,"total_chunks":1,"id":"25354352-a198-4ce5-823d-49d5030d6bb4"}
{"message":"Daemon functionality is currently not supported on Windows.","name":"unknown","level":30,"timestamp":"2026-02-21T11:29:50.848762Z","chunk_index":0,"total_chunks":1,"id":"4b4b9142-607d-4d24-9ed9-54d85e6b366a"}
{"message":"Daemon functionality is currently not supported on Windows.","name":"unknown","level":30,"timestamp":"2026-02-21T11:29:50.848762Z","chunk_index":0,"total_chunks":1,"id":"96e38071-c513-42da-afde-5d8ad33820b8"}
{"message":"Daemon functionality is currently not supported on Windows.","name":"unknown","level":30,"timestamp":"2026-02-21T11:29:50.848762Z","chunk_index":0,"total_chunks":1,"id":"61918d9e-7c0d-4f76-b1fd-0594dc3268d4"}
{"message":"Daemon functionality is currently not supported on Windows.","name":"unknown","level":30,"timestamp":"2026-02-21T11:29:50.848762Z","chunk_index":0,"total_chunks":1,"id":"5689c7c5-beb4-4025-91df-ea4dd577db52"}
{"message":"Daemon functionality is currently not supported on Windows.","name":"unknown","level":30,"timestamp":"2026-02-21T11:29:50.848762Z","chunk_index":0,"total_chunks":1,"id":"5b46f92c-2b1b-41de-b8c4-fedf49d67754"}
{"message":"Daemon functionality is currently not supported on Windows.","name":"unknown","level":30,"timestamp":"2026-02-21T11:29:50.848762Z","chunk_index":0,"total_chunks":1,"id":"6134e2ab-a081-4533-a987-2d003720d0ca"}
{"message":"Daemon functionality is currently not supported on Windows.","name":"unknown","level":30,"timestamp":"2026-02-21T11:29:50.849848Z","chunk_index":0,"total_chunks":1,"id":"87e2f5bf-46d6-4f8c-886d-f8a74d18e7d8"}
{"message":"Daemon functionality is currently not supported on Windows.","name":"unknown","level":30,"timestamp":"2026-02-21T11:29:50.849848Z","chunk_index":0,"total_chunks":1,"id":"685a3815-deac-4f49-9a1a-ea3a6a2403c2"}
{"message":"Received signal shutdown 2. Requesting shutdown for step 'mlflow_model_deployer_step'...","name":"unknown","level":20,"timestamp":"2026-02-21T11:29:50.849848Z","chunk_index":0,"total_chunks":1,"id":"e6e5eb84-96a6-4caa-bf7e-85aba718f02d"}
{"message":"Received signal shutdown 2. Requesting shutdown for step 'model_building_step'...","name":"unknown","level":20,"timestamp":"2026-02-21T11:29:50.849848Z","chunk_index":0,"total_chunks":1,"id":"017f26a9-63af-4a36-8b40-48f48839b577"}
{"message":"\r⠧ Starting service 'MLFlowDeploymentService[861891b4-463d-4a94-864b-37cabe7d0beb] (type: model-serving, flavor: mlflow)'.","name":"unknown","level":20,"timestamp":"2026-02-21T11:29:50.849848Z","chunk_index":0,"total_chunks":1,"id":"48a205ba-27cd-460a-af28-ecbb46b686f2"}
{"message":"An exception has occurred.","name":"unknown","level":40,"timestamp":"2026-02-21T11:29:50.849848Z","chunk_index":0,"total_chunks":1,"id":"5e95d7c2-6fa7-4ca3-8d7e-1c56cc1597e1"}
